Component: ARM Compiler 5.06 update 7 (build 960) Tool: armlink [4d3601]

==============================================================================

Section Cross References

    startup_lpc17xx.o(STACK) refers (Special) to heapauxi.o(.text) for __use_two_region_memory
    startup_lpc17xx.o(HEAP) refers (Special) to heapauxi.o(.text) for __use_two_region_memory
    startup_lpc17xx.o(RESET) refers (Special) to heapauxi.o(.text) for __use_two_region_memory
    startup_lpc17xx.o(RESET) refers to startup_lpc17xx.o(STACK) for __initial_sp
    startup_lpc17xx.o(RESET) refers to startup_lpc17xx.o(.text) for Reset_Handler
    startup_lpc17xx.o(RESET) refers to irq_timer.o(.text) for TIMER0_IRQHandler
    startup_lpc17xx.o(RESET) refers to irq_adc.o(.text) for ADC_IRQHandler
    startup_lpc17xx.o(RESET) refers to irq_rit.o(.text) for RIT_IRQHandler
    startup_lpc17xx.o(.ARM.__at_0x02FC) refers (Special) to heapauxi.o(.text) for __use_two_region_memory
    startup_lpc17xx.o(.text) refers (Special) to heapauxi.o(.text) for __use_two_region_memory
    startup_lpc17xx.o(.text) refers to __main.o(!!!main) for __main
    startup_lpc17xx.o(.text) refers to startup_lpc17xx.o(HEAP) for Heap_Mem
    startup_lpc17xx.o(.text) refers to startup_lpc17xx.o(STACK) for Stack_Mem
    pet.o(.text) refers to glcd.o(.text) for LCD_SetPoint
    pet.o(.text) refers to pet.o(.data) for sprite_base
    pet.o(.text) refers to lib_timer.o(.text) for disable_timer
    pet.o(.text) refers to joystick.o(.text) for joystick_init
    pet.o(.text) refers to lib_rit.o(.text) for init_RIT
    pet.o(.text) refers to irq_timer.o(.data) for counterB
    sample.o(.text) refers to system_lpc17xx.o(.text) for SystemInit
    sample.o(.text) refers to glcd.o(.text) for LCD_Initialization
    sample.o(.text) refers to touchpanel.o(.text) for TP_Init
    sample.o(.text) refers to lib_adc.o(.text) for ADC_init
    sample.o(.text) refers to pet.o(.text) for drawSetup
    system_lpc17xx.o(.text) refers to system_lpc17xx.o(.data) for SystemFrequency
    irq_timer.o(.text) refers to _printf_pad.o(.text) for _printf_pre_padding
    irq_timer.o(.text) refers to _printf_percent.o(.ARM.Collect$$_printf_percent$$00000000) for _printf_percent
    irq_timer.o(.text) refers to _printf_d.o(.ARM.Collect$$_printf_percent$$00000009) for _printf_d
    irq_timer.o(.text) refers to _printf_dec.o(.text) for _printf_int_dec
    irq_timer.o(.text) refers to rt_memclr_w.o(.text) for __aeabi_memclr4
    irq_timer.o(.text) refers to noretval__2sprintf.o(.text) for __2sprintf
    irq_timer.o(.text) refers to glcd.o(.text) for GUI_Text
    irq_timer.o(.text) refers to pet.o(.text) for isDead
    irq_timer.o(.text) refers to lib_timer.o(.text) for disable_timer
    irq_timer.o(.text) refers to lib_rit.o(.text) for enable_RIT
    irq_timer.o(.text) refers to irq_timer.o(.data) for flag_dead
    irq_timer.o(.text) refers to irq_rit.o(.data) for flag_animationOn
    irq_timer.o(.text) refers to irq_adc.o(.data) for volumeLevel
    irq_timer.o(.text) refers to pet.o(.data) for count_hp
    asciilib.o(.text) refers to rt_memcpy_v6.o(.text) for __aeabi_memcpy
    asciilib.o(.text) refers to asciilib.o(.constdata) for AsciiLib
    glcd.o(.text) refers to glcd.o(.data) for LCD_Code
    glcd.o(.text) refers to asciilib.o(.text) for GetASCIICode
    touchpanel.o(.text) refers to glcd.o(.text) for LCD_SetPoint
    touchpanel.o(.text) refers to rt_memclr_w.o(.text) for __aeabi_memclr4
    touchpanel.o(.text) refers to dflt_clz.o(x$fpl$dflt) for __aeabi_i2d
    touchpanel.o(.text) refers to deqf.o(x$fpl$deqf) for __aeabi_cdcmpeq
    touchpanel.o(.text) refers to dflt_clz.o(x$fpl$dfltu) for __aeabi_ui2d
    touchpanel.o(.text) refers to dmul.o(x$fpl$dmul) for __aeabi_dmul
    touchpanel.o(.text) refers to daddsub_clz.o(x$fpl$dadd) for __aeabi_dadd
    touchpanel.o(.text) refers to ddiv.o(x$fpl$ddiv) for __aeabi_ddiv
    touchpanel.o(.text) refers to dfixu.o(x$fpl$dfixu) for __aeabi_d2uiz
    touchpanel.o(.text) refers to touchpanel.o(.data) for screen
    touchpanel.o(.text) refers to touchpanel.o(.bss) for ScreenSample
    irq_rit.o(.text) refers to lib_adc.o(.text) for ADC_start_conversion
    irq_rit.o(.text) refers to pet.o(.text) for isDead
    irq_rit.o(.text) refers to glcd.o(.text) for DrawBox
    irq_rit.o(.text) refers to lib_timer.o(.text) for reset_timer
    irq_rit.o(.text) refers to touchpanel.o(.text) for Read_Ads7846
    irq_rit.o(.text) refers to lib_rit.o(.text) for disable_RIT
    irq_rit.o(.text) refers to irq_rit.o(.data) for flag_animationOn
    irq_rit.o(.text) refers to irq_adc.o(.data) for freqs
    irq_rit.o(.text) refers to irq_timer.o(.data) for counterHP
    irq_rit.o(.text) refers to touchpanel.o(.bss) for matrix
    irq_rit.o(.text) refers to touchpanel.o(.data) for display
    irq_rit.o(.text) refers to pet.o(.data) for x
    irq_adc.o(.text) refers to pet.o(.text) for drawMute
    irq_adc.o(.text) refers to irq_adc.o(.data) for AD_current
[...]
    __printf_flags_ss_wp.o(.text) refers to __printf_flags_ss_wp.o(.constdata) for .constdata
    _printf_d.o(.ARM.Collect$$_printf_percent$$00000009) refers (Weak) to _printf_dec.o(.text) for _printf_int_dec
    _printf_percent.o(.ARM.Collect$$_printf_percent$$00000000) refers (Special) to _printf_percent_end.o(.ARM.Collect$$_printf_percent$$00000017) for _printf_percent_end
    rt_memcpy_v6.o(.text) refers to rt_memcpy_w.o(.text) for __aeabi_memcpy4
    __main.o(!!!main) refers to __rtentry.o(.ARM.Collect$$rtentry$$00000000) for __rt_entry
    daddsub_clz.o(x$fpl$dadd) refers (Special) to usenofp.o(x$fpl$usenofp) for __I$use$fp
    daddsub_clz.o(x$fpl$dadd) refers to daddsub_clz.o(x$fpl$dsub) for _dsub1
    daddsub_clz.o(x$fpl$dadd) refers to dretinf.o(x$fpl$dretinf) for __fpl_dretinf
    daddsub_clz.o(x$fpl$dadd) refers to dnaninf.o(x$fpl$dnaninf) for __fpl_dnaninf
    daddsub_clz.o(x$fpl$drsb) refers (Special) to usenofp.o(x$fpl$usenofp) for __I$use$fp
    daddsub_clz.o(x$fpl$drsb) refers to daddsub_clz.o(x$fpl$dadd) for _dadd1
    daddsub_clz.o(x$fpl$drsb) refers to daddsub_clz.o(x$fpl$dsub) for _dsub1
    daddsub_clz.o(x$fpl$dsub) refers (Special) to usenofp.o(x$fpl$usenofp) for __I$use$fp
    daddsub_clz.o(x$fpl$dsub) refers to daddsub_clz.o(x$fpl$dadd) for _dadd1
    daddsub_clz.o(x$fpl$dsub) refers to dnaninf.o(x$fpl$dnaninf) for __fpl_dnaninf
    ddiv.o(x$fpl$drdiv) refers (Special) to usenofp.o(x$fpl$usenofp) for __I$use$fp
    ddiv.o(x$fpl$drdiv) refers to ddiv.o(x$fpl$ddiv) for ddiv_entry
    ddiv.o(x$fpl$ddiv) refers (Special) to usenofp.o(x$fpl$usenofp) for __I$use$fp
    ddiv.o(x$fpl$ddiv) refers to dretinf.o(x$fpl$dretinf) for __fpl_dretinf
    ddiv.o(x$fpl$ddiv) refers to dnaninf.o(x$fpl$dnaninf) for __fpl_dnaninf
    deqf.o(x$fpl$deqf) refers (Special) to usenofp.o(x$fpl$usenofp) for __I$use$fp
    deqf.o(x$fpl$deqf) refers to dnaninf.o(x$fpl$dnaninf) for __fpl_dnaninf
    deqf.o(x$fpl$deqf) refers to dcmpi.o(x$fpl$dcmpinf) for __fpl_dcmp_Inf
    dfixu.o(x$fpl$dfixu) refers (Special) to usenofp.o(x$fpl$usenofp) for __I$use$fp
    dfixu.o(x$fpl$dfixu) refers to dnaninf.o(x$fpl$dnaninf) for __fpl_dnaninf
    dfixu.o(x$fpl$dfixur) refers (Special) to usenofp.o(x$fpl$usenofp) for __I$use$fp
    dfixu.o(x$fpl$dfixur) refers to dnaninf.o(x$fpl$dnaninf) for __fpl_dnaninf
    dflt_clz.o(x$fpl$dfltu) refers (Special) to usenofp.o(x$fpl$usenofp) for __I$use$fp
    dflt_clz.o(x$fpl$dflt) refers (Special) to usenofp.o(x$fpl$usenofp) for __I$use$fp
    dflt_clz.o(x$fpl$dfltn) refers (Special) to usenofp.o(x$fpl$usenofp) for __I$use$fp
    dmul.o(x$fpl$dmul) refers (Special) to usenofp.o(x$fpl$usenofp) for __I$use$fp
    dmul.o(x$fpl$dmul) refers to dretinf.o(x$fpl$dretinf) for __fpl_dretinf
    dmul.o(x$fpl$dmul) refers to dnaninf.o(x$fpl$dnaninf) for __fpl_dnaninf
    __rtentry.o(.ARM.Collect$$rtentry$$00000000) refers (Special) to __rtentry2.o(.ARM.Collect$$rtentry$$0000000A) for __rt_entry_li
    __rtentry.o(.ARM.Collect$$rtentry$$00000000) refers (Special) to __rtentry2.o(.ARM.Collect$$rtentry$$0000000D) for __rt_entry_main
    __rtentry.o(.ARM.Collect$$rtentry$$00000000) refers (Special) to __rtentry2.o(.ARM.Collect$$rtentry$$0000000C) for __rt_entry_postli_1
    __rtentry.o(.ARM.Collect$$rtentry$$00000000) refers (Special) to __rtentry2.o(.ARM.Collect$$rtentry$$00000009) for __rt_entry_postsh_1
    __rtentry.o(.ARM.Collect$$rtentry$$00000000) refers (Special) to __rtentry2.o(.ARM.Collect$$rtentry$$00000002) for __rt_entry_presh_1
    __rtentry.o(.ARM.Collect$$rtentry$$00000000) refers (Special) to __rtentry4.o(.ARM.Collect$$rtentry$$00000004) for __rt_entry_sh
    _printf_intcommon.o(.text) refers (Weak) to _printf_pad.o(.text) for _printf_pre_padding
    _printf_intcommon.o(.text) refers (Weak) to _printf_pad.o(.text) for _printf_pre_padding
    _printf_intcommon.o(.text) refers (Weak) to _printf_pad.o(.text) for _printf_post_padding
    _printf_char_common.o(.text) refers to __printf_flags_wp.o(.text) for __printf
    dcmpi.o(x$fpl$dcmpinf) refers (Special) to usenofp.o(x$fpl$usenofp) for __I$use$fp
    dnaninf.o(x$fpl$dnaninf) refers (Special) to usenofp.o(x$fpl$usenofp) for __I$use$fp
    dretinf.o(x$fpl$dretinf) refers (Special) to usenofp.o(x$fpl$usenofp) for __I$use$fp
    __rtentry2.o(.ARM.Collect$$rtentry$$00000008) refers to boardinit2.o(.text) for _platform_post_stackheap_init
    __rtentry2.o(.ARM.Collect$$rtentry$$0000000A) refers to libinit.o(.ARM.Collect$$libinit$$00000000) for __rt_lib_init
    __rtentry2.o(.ARM.Collect$$rtentry$$0000000B) refers to boardinit3.o(.text) for _platform_post_lib_init
    __rtentry2.o(.ARM.Collect$$rtentry$$0000000D) refers to sample.o(.text) for main
    __rtentry2.o(.ARM.Collect$$rtentry$$0000000D) refers to exit.o(.text) for exit
    __rtentry2.o(.ARM.exidx) refers to __rtentry2.o(.ARM.Collect$$rtentry$$00000001) for .ARM.Collect$$rtentry$$00000001
    __rtentry2.o(.ARM.exidx) refers to __rtentry2.o(.ARM.Collect$$rtentry$$00000008) for .ARM.Collect$$rtentry$$00000008
    __rtentry2.o(.ARM.exidx) refers to __rtentry2.o(.ARM.Collect$$rtentry$$0000000A) for .ARM.Collect$$rtentry$$0000000A
    __rtentry2.o(.ARM.exidx) refers to __rtentry2.o(.ARM.Collect$$rtentry$$0000000B) for .ARM.Collect$$rtentry$$0000000B
    __rtentry2.o(.ARM.exidx) refers to __rtentry2.o(.ARM.Collect$$rtentry$$0000000D) for .ARM.Collect$$rtentry$$0000000D
    __rtentry4.o(.ARM.Collect$$rtentry$$00000004) refers to sys_stackheap_outer.o(.text) for __user_setup_stackheap
    __rtentry4.o(.ARM.exidx) refers to __rtentry4.o(.ARM.Collect$$rtentry$$00000004) for .ARM.Collect$$rtentry$$00000004
    sys_stackheap_outer.o(.text) refers to libspace.o(.text) for __user_perproc_libspace
    sys_stackheap_outer.o(.text) refers to startup_lpc17xx.o(.text) for __user_initial_stackheap
    exit.o(.text) refers to rtexit.o(.ARM.Collect$$rtexit$$00000000) for __rt_exit
    libinit.o(.ARM.Collect$$libinit$$00000000) refers (Special) to libinit2.o(.ARM.Collect$$libinit$$0000002E) for __rt_lib_init_alloca_1
    libinit.o(.ARM.Collect$$libinit$$00000000) refers (Special) to libinit2.o(.ARM.Collect$$libinit$$0000002C) for __rt_lib_init_argv_1
    libinit.o(.ARM.Collect$$libinit$$00000000) refers (Special) to libinit2.o(.ARM.Collect$$libinit$$0000001B) for __rt_lib_init_atexit_1
    libinit.o(.ARM.Collect$$libinit$$00000000) refers (Special) to libinit2.o(.ARM.Collect$$libinit$$00000021) for __rt_lib_init_clock_1
    libinit.o(.ARM.Collect$$libinit$$00000000) refers (Special) to libinit2.o(.ARM.Collect$$libinit$$00000032) for __rt_lib_init_cpp_1
    libinit.o(.ARM.Collect$$libinit$$00000000) refers (Special) to libinit2.o(.ARM.Collect$$libinit$$00000030) for __rt_lib_init_exceptions_1
    libinit.o(.ARM.Collect$$libinit$$00000000) refers (Special) to libinit2.o(.ARM.Collect$$libinit$$00000002) for __rt_lib_init_fp_1
    libinit.o(.ARM.Collect$$libinit$$00000000) refers (Special) to libinit2.o(.ARM.Collect$$libinit$$0000001F) for __rt_lib_init_fp_trap_1
    libinit.o(.ARM.Collect$$libinit$$00000000) refers (Special) to libinit2.o(.ARM.Collect$$libinit$$00000023) for __rt_lib_init_getenv_1
    libinit.o(.ARM.Collect$$libinit$$00000000) refers (Special) to libinit2.o(.ARM.Collect$$libinit$$0000000A) for __rt_lib_init_heap_1
    libinit.o(.ARM.Collect$$libinit$$00000000) refers (Special) to libinit2.o(.ARM.Collect$$libinit$$00000011) for __rt_lib_init_lc_collate_1
    libinit.o(.ARM.Collect$$libinit$$00000000) refers (Special) to libinit2.o(.ARM.Collect$$libinit$$00000013) for __rt_lib_init_lc_ctype_1
    libinit.o(.ARM.Collect$$libinit$$00000000) refers (Special) to libinit2.o(.ARM.Collect$$libinit$$00000015) for __rt_lib_init_lc_monetary_1
    libinit.o(.ARM.Collect$$libinit$$00000000) refers (Special) to libinit2.o(.ARM.Collect$$libinit$$00000017) for __rt_lib_init_lc_numeric_1
    libinit.o(.ARM.Collect$$libinit$$00000000) refers (Special) to libinit2.o(.ARM.Collect$$libinit$$00000019) for __rt_lib_init_lc_time_1
    libinit.o(.ARM.Collect$$libinit$$00000000) refers (Special) to libinit2.o(.ARM.Collect$$libinit$$00000004) for __rt_lib_init_preinit_1
    libinit.o(.ARM.Collect$$libinit$$00000000) refers (Special) to libinit2.o(.ARM.Collect$$libinit$$0000000E) for __rt_lib_init_rand_1
    libinit.o(.ARM.Collect$$libinit$$00000000) refers (Special) to libinit2.o(.ARM.Collect$$libinit$$00000033) for __rt_lib_init_return
    libinit.o(.ARM.Collect$$libinit$$00000000) refers (Special) to libinit2.o(.ARM.Collect$$libinit$$0000001D) for __rt_lib_init_signal_1
    libinit.o(.ARM.Collect$$libinit$$00000000) refers (Special) to libinit2.o(.ARM.Collect$$libinit$$00000025) for __rt_lib_init_stdio_1
    libinit.o(.ARM.Collect$$libinit$$00000000) refers (Special) to libinit2.o(.ARM.Collect$$libinit$$0000000C) for __rt_lib_init_user_alloc_1
    libspace.o(.text) refers to libspace.o(.bss) for __libspace_start
    rtexit.o(.ARM.Collect$$rtexit$$00000000) refers (Special) to rtexit2.o(.ARM.Collect$$rtexit$$00000004) for __rt_exit_exit
    rtexit.o(.ARM.Collect$$rtexit$$00000000) refers (Special) to rtexit2.o(.ARM.Collect$$rtexit$$00000003) for __rt_exit_ls
    rtexit.o(.ARM.Collect$$rtexit$$00000000) refers (Special) to rtexit2.o(.ARM.Collect$$rtexit$$00000002) for __rt_exit_prels_1
    rtexit.o(.ARM.exidx) refers (Special) to rtexit2.o(.ARM.Collect$$rtexit$$00000004) for __rt_exit_exit
    rtexit.o(.ARM.exidx) refers (Special) to rtexit2.o(.ARM.Collect$$rtexit$$00000003) for __rt_exit_ls
    rtexit.o(.ARM.exidx) refers (Special) to rtexit2.o(.ARM.Collect$$rtexit$$00000002) for __rt_exit_prels_1
    rtexit.o(.ARM.exidx) refers to rtexit.o(.ARM.Collect$$rtexit$$00000000) for .ARM.Collect$$rtexit$$00000000
    libinit2.o(.ARM.Collect$$libinit$$00000010) refers to libinit2.o(.ARM.Collect$$libinit$$0000000F) for .ARM.Collect$$libinit$$0000000F
    libinit2.o(.ARM.Collect$$libinit$$00000012) refers to libinit2.o(.ARM.Collect$$libinit$$0000000F) for .ARM.Collect$$libinit$$0000000F
    libinit2.o(.ARM.Collect$$libinit$$00000014) refers to libinit2.o(.ARM.Collect$$libinit$$0000000F) for .ARM.Collect$$libinit$$0000000F
    libinit2.o(.ARM.Collect$$libinit$$00000016) refers to libinit2.o(.ARM.Collect$$libinit$$0000000F) for .ARM.Collect$$libinit$$0000000F
    libinit2.o(.ARM.Collect$$libinit$$00000018) refers to libinit2.o(.ARM.Collect$$libinit$$0000000F) for .ARM.Collect$$libinit$$0000000F
    libinit2.o(.ARM.Collect$$libinit$$00000026) refers to argv_veneer.o(.emb_text) for __ARM_argv_veneer
    libinit2.o(.ARM.Collect$$libinit$$00000027) refers to argv_veneer.o(.emb_text) for __ARM_argv_veneer
    rtexit2.o(.ARM.Collect$$rtexit$$00000003) refers to libshutdown.o(.ARM.Collect$$libshutdown$$00000000) for __rt_lib_shutdown
    rtexit2.o(.ARM.Collect$$rtexit$$00000004) refers to sys_exit.o(.text) for _sys_exit
    rtexit2.o(.ARM.exidx) refers to rtexit2.o(.ARM.Collect$$rtexit$$00000001) for .ARM.Collect$$rtexit$$00000001
    rtexit2.o(.ARM.exidx) refers to rtexit2.o(.ARM.Collect$$rtexit$$00000003) for .ARM.Collect$$rtexit$$00000003
    rtexit2.o(.ARM.exidx) refers to rtexit2.o(.ARM.Collect$$rtexit$$00000004) for .ARM.Collect$$rtexit$$00000004
    argv_veneer.o(.emb_text) refers to no_argv.o(.text) for __ARM_get_argv
    sys_exit.o(.text) refers (Special) to use_no_semi.o(.text) for __I$use$semihosting
    sys_exit.o(.text) refers (Special) to indicate_semi.o(.text) for __semihosting_library_function
    _get_argv_nomalloc.o(.text) refers (Special) to hrguard.o(.text) for __heap_region$guard
    _get_argv_nomalloc.o(.text) refers to defsig_rtmem_outer.o(.text) for __rt_SIGRTMEM
    _get_argv_nomalloc.o(.text) refers to sys_command.o(.text) for _sys_command_string
    libshutdown.o(.ARM.Collect$$libshutdown$$00000000) refers (Special) to libshutdown2.o(.ARM.Collect$$libshutdown$$00000004) for __rt_lib_shutdown_cpp_1
    libshutdown.o(.ARM.Collect$$libshutdown$$00000000) refers (Special) to libshutdown2.o(.ARM.Collect$$libshutdown$$00000002) for __rt_lib_shutdown_fini_1
    libshutdown.o(.ARM.Collect$$libshutdown$$00000000) refers (Special) to libshutdown2.o(.ARM.Collect$$libshutdown$$00000009) for __rt_lib_shutdown_fp_trap_1
    libshutdown.o(.ARM.Collect$$libshutdown$$00000000) refers (Special) to libshutdown2.o(.ARM.Collect$$libshutdown$$00000011) for __rt_lib_shutdown_heap_1
    libshutdown.o(.ARM.Collect$$libshutdown$$00000000) refers (Special) to libshutdown2.o(.ARM.Collect$$libshutdown$$00000012) for __rt_lib_shutdown_return
    libshutdown.o(.ARM.Collect$$libshutdown$$00000000) refers (Special) to libshutdown2.o(.ARM.Collect$$libshutdown$$0000000C) for __rt_lib_shutdown_signal_1
    libshutdown.o(.ARM.Collect$$libshutdown$$00000000) refers (Special) to libshutdown2.o(.ARM.Collect$$libshutdown$$00000006) for __rt_lib_shutdown_stdio_1
    libshutdown.o(.ARM.Collect$$libshutdown$$00000000) refers (Special) to libshutdown2.o(.ARM.Collect$$libshutdown$$0000000E) for __rt_lib_shutdown_user_alloc_1
    sys_command.o(.text) refers (Special) to use_no_semi.o(.text) for __I$use$semihosting
    sys_command.o(.text) refers (Special) to indicate_semi.o(.text) for __semihosting_library_function
    defsig_rtmem_outer.o(.text) refers to defsig_rtmem_inner.o(.text) for __rt_SIGRTMEM_inner
    defsig_rtmem_outer.o(.text) refers to defsig_exit.o(.text) for __sig_exit
    defsig_rtmem_formal.o(.text) refers to rt_raise.o(.text) for __rt_raise
    rt_raise.o(.text) refers to __raise.o(.text) for __raise
    rt_raise.o(.text) refers to sys_exit.o(.text) for _sys_exit
    defsig_exit.o(.text) refers to sys_exit.o(.text) for _sys_exit
    defsig_rtmem_inner.o(.text) refers to defsig_general.o(.text) for __default_signal_display
    __raise.o(.text) refers to defsig.o(CL$$defsig) for __default_signal_handler
    defsig_general.o(.text) refers to sys_wrch.o(.text) for _ttywrch
    sys_wrch.o(.text) refers (Special) to use_no_semi.o(.text) for __I$use$semihosting
    sys_wrch.o(.text) refers (Special) to indicate_semi.o(.text) for __semihosting_library_function
    defsig.o(CL$$defsig) refers to defsig_rtmem_inner.o(.text) for __rt_SIGRTMEM_inner
    defsig_abrt_inner.o(.text) refers to defsig_general.o(.text) for __default_signal_display
    defsig_fpe_inner.o(.text) refers to defsig_general.o(.text) for __default_signal_display
    defsig_rtred_inner.o(.text) refers to defsig_general.o(.text) for __default_signal_display
    defsig_stak_inner.o(.text) refers to defsig_general.o(.text) for __default_signal_display
    defsig_pvfn_inner.o(.text) refers to defsig_general.o(.text) for __default_signal_display
    defsig_cppl_inner.o(.text) refers to defsig_general.o(.text) for __default_signal_display
    defsig_segv_inner.o(.text) refers to defsig_general.o(.text) for __default_signal_display
    defsig_other.o(.text) refers to defsig_general.o(.text) for __default_signal_display


==============================================================================

Removing Unused input sections from the image.

    Removing pet.o(.rev16_text), (4 bytes).
    Removing pet.o(.revsh_text), (4 bytes).
    Removing pet.o(.rrx_text), (6 bytes).
    Removing sample.o(.rev16_text), (4 bytes).
    Removing sample.o(.revsh_text), (4 bytes).
    Removing sample.o(.rrx_text), (6 bytes).
    Removing core_cm3.o(.emb_text), (32 bytes).
    Removing system_lpc17xx.o(.rev16_text), (4 bytes).
    Removing system_lpc17xx.o(.revsh_text), (4 bytes).
    Removing system_lpc17xx.o(.rrx_text), (6 bytes).
    Removing irq_timer.o(.rev16_text), (4 bytes).
    Removing irq_timer.o(.revsh_text), (4 bytes).
    Removing irq_timer.o(.rrx_text), (6 bytes).
    Removing lib_timer.o(.rev16_text), (4 bytes).
    Removing lib_timer.o(.revsh_text), (4 bytes).
    Removing lib_timer.o(.rrx_text), (6 bytes).
    Removing glcd.o(.rev16_text), (4 bytes).
    Removing glcd.o(.revsh_text), (4 bytes).
    Removing glcd.o(.rrx_text), (6 bytes).
    Removing touchpanel.o(.rev16_text), (4 bytes).
    Removing touchpanel.o(.revsh_text), (4 bytes).
    Removing touchpanel.o(.rrx_text), (6 bytes).
    Removing irq_rit.o(.rev16_text), (4 bytes).
    Removing irq_rit.o(.revsh_text), (4 bytes).
    Removing irq_rit.o(.rrx_text), (6 bytes).
    Removing lib_rit.o(.rev16_text), (4 bytes).
    Removing lib_rit.o(.revsh_text), (4 bytes).
    Removing lib_rit.o(.rrx_text), (6 bytes).
    Removing joystick.o(.rev16_text), (4 bytes).
    Removing joystick.o(.revsh_text), (4 bytes).
    Removing joystick.o(.rrx_text), (6 bytes).
    Removing irq_adc.o(.rev16_text), (4 bytes).
    Removing irq_adc.o(.revsh_text), (4 bytes).
    Removing irq_adc.o(.rrx_text), (6 bytes).
    Removing lib_adc.o(.rev16_text), (4 bytes).
    Removing lib_adc.o(.revsh_text), (4 bytes).
    Removing lib_adc.o(.rrx_text), (6 bytes).

37 unused section(s) (total 200 bytes) removed from the image.

==============================================================================

Image Symbol Table

    Local Symbols

    Symbol Name                              Value     Ov Type        Size  Object(Section)

    RESET                                    0x00000000   Section      204  startup_lpc17xx.o(RESET)
    ../clib/angel/boardlib.s                 0x00000000   Number         0  boardshut.o ABSOLUTE
    ../clib/angel/boardlib.s                 0x00000000   Number         0  boardinit1.o ABSOLUTE
    ../clib/angel/boardlib.s                 0x00000000   Number         0  boardinit2.o ABSOLUTE
    ../clib/angel/boardlib.s                 0x00000000   Number         0  boardinit3.o ABSOLUTE
    ../clib/angel/dclz77c.s                  0x00000000   Number         0  __dclz77c.o ABSOLUTE
    ../clib/angel/handlers.s                 0x00000000   Number         0  __scatter_zi.o ABSOLUTE
    ../clib/angel/kernel.s                   0x00000000   Number         0  __rtentry2.o ABSOLUTE
    ../clib/angel/kernel.s                   0x00000000   Number         0  __rtentry.o ABSOLUTE
    ../clib/angel/kernel.s                   0x00000000   Number         0  __rtentry4.o ABSOLUTE
    ../clib/angel/kernel.s                   0x00000000   Number         0  rtexit.o ABSOLUTE
    ../clib/angel/kernel.s                   0x00000000   Number         0  rtexit2.o ABSOLUTE
    ../clib/angel/rt.s                       0x00000000   Number         0  rt_raise.o ABSOLUTE
    ../clib/angel/scatter.s                  0x00000000   Number         0  __scatter.o ABSOLUTE
    ../clib/angel/startup.s                  0x00000000   Number         0  __main.o ABSOLUTE
    ../clib/angel/sys.s                      0x00000000   Number         0  indicate_semi.o ABSOLUTE
    ../clib/angel/sys.s                      0x00000000   Number         0  sys_stackheap_outer.o ABSOLUTE
    ../clib/angel/sys.s                      0x00000000   Number         0  libspace.o ABSOLUTE
    ../clib/angel/sys.s                      0x00000000   Number         0  use_no_semi.o ABSOLUTE
    ../clib/angel/sysapp.c                   0x00000000   Number         0  sys_command.o ABSOLUTE
    ../clib/angel/sysapp.c                   0x00000000   Number         0  sys_wrch.o ABSOLUTE
    ../clib/angel/sysapp.c                   0x00000000   Number         0  sys_exit.o ABSOLUTE
    ../clib/armsys.c                         0x00000000   Number         0  _get_argv_nomalloc.o ABSOLUTE
    ../clib/armsys.c                         0x00000000   Number         0  no_argv.o ABSOLUTE
    ../clib/armsys.c                         0x00000000   Number         0  argv_veneer.o ABSOLUTE
    ../clib/armsys.c                         0x00000000   Number         0  argv_veneer.o ABSOLUTE
    ../clib/heapalloc.c                      0x00000000   Number         0  hrguard.o ABSOLUTE
    ../clib/heapaux.c                        0x00000000   Number         0  heapauxi.o ABSOLUTE
    ../clib/libinit.s                        0x00000000   Number         0  libshutdown2.o ABSOLUTE
    ../clib/libinit.s                        0x00000000   Number         0  libinit2.o ABSOLUTE
    ../clib/libinit.s                        0x00000000   Number         0  libshutdown.o ABSOLUTE
    ../clib/libinit.s                        0x00000000   Number         0  libinit.o ABSOLUTE
    ../clib/memcpset.s                       0x00000000   Number         0  rt_memcpy_w.o ABSOLUTE
    ../clib/memcpset.s                       0x00000000   Number         0  rt_memcpy_v6.o ABSOLUTE
    ../clib/memcpset.s                       0x00000000   Number         0  rt_memclr_w.o ABSOLUTE
    ../clib/misc.s                           0x00000000   Number         0  printf_stubs.o ABSOLUTE
    ../clib/printf.c                         0x00000000   Number         0  _printf_char_common.o ABSOLUTE
    ../clib/printf.c                         0x00000000   Number         0  _sputc.o ABSOLUTE
    ../clib/printf.c                         0x00000000   Number         0  _printf_pad.o ABSOLUTE
    ../clib/printf.c                         0x00000000   Number         0  __printf_flags_ss_wp.o ABSOLUTE
    ../clib/printf.c                         0x00000000   Number         0  __printf_flags_ss.o ABSOLUTE
    ../clib/printf.c                         0x00000000   Number         0  __printf_flags.o ABSOLUTE
    ../clib/printf.c                         0x00000000   Number         0  __printf_ss.o ABSOLUTE
    ../clib/printf.c                         0x00000000   Number         0  _printf_intcommon.o ABSOLUTE
    ../clib/printf.c                         0x00000000   Number         0  __printf.o ABSOLUTE
    ../clib/printf.c                         0x00000000   Number         0  noretval__2sprintf.o ABSOLUTE
    ../clib/printf.c                         0x00000000   Number         0  __2sprintf.o ABSOLUTE
    ../clib/printf.c                         0x00000000   Number         0  __printf_nopercent.o ABSOLUTE
    ../clib/printf.c                         0x00000000   Number         0  __printf_ss_wp.o ABSOLUTE
    ../clib/printf.c                         0x00000000   Number         0  _printf_dec.o ABSOLUTE
    ../clib/printf.c                         0x00000000   Number         0  __printf_flags_wp.o ABSOLUTE
    ../clib/printf.c                         0x00000000   Number         0  __printf_wp.o ABSOLUTE
    ../clib/printf_percent.s                 0x00000000   Number         0  _printf_d.o ABSOLUTE
    ../clib/printf_percent.s                 0x00000000   Number         0  _printf_percent_end.o ABSOLUTE
    ../clib/printf_percent.s                 0x00000000   Number         0  _printf_percent.o ABSOLUTE
    ../clib/signal.c                         0x00000000   Number         0  defsig_exit.o ABSOLUTE
    ../clib/signal.c                         0x00000000   Number         0  defsig_segv_inner.o ABSOLUTE
    ../clib/signal.c                         0x00000000   Number         0  defsig_cppl_inner.o ABSOLUTE
    ../clib/signal.c                         0x00000000   Number         0  __raise.o ABSOLUTE
    ../clib/signal.c                         0x00000000   Number         0  defsig_abrt_inner.o ABSOLUTE
    ../clib/signal.c                         0x00000000   Number         0  defsig_rtmem_inner.o ABSOLUTE
    ../clib/signal.c                         0x00000000   Number         0  defsig_rtmem_formal.o ABSOLUTE
    ../clib/signal.c                         0x00000000   Number         0  defsig_rtmem_outer.o ABSOLUTE
    ../clib/signal.c                         0x00000000   Number         0  defsig_fpe_inner.o ABSOLUTE
    ../clib/signal.c                         0x00000000   Number         0  defsig_stak_inner.o ABSOLUTE
    ../clib/signal.c                         0x00000000   Number         0  defsig_pvfn_inner.o ABSOLUTE
    ../clib/signal.c                         0x00000000   Number         0  defsig_general.o ABSOLUTE
    ../clib/signal.c                         0x00000000   Number         0  defsig_other.o ABSOLUTE
    ../clib/signal.c                         0x00000000   Number         0  defsig_rtred_inner.o ABSOLUTE
    ../clib/signal.s                         0x00000000   Number         0  defsig.o ABSOLUTE
    ../clib/stdlib.c                         0x00000000   Number         0  exit.o ABSOLUTE
    ../fplib/daddsub.s                       0x00000000   Number         0  daddsub_clz.o ABSOLUTE
    ../fplib/dcmpi.s                         0x00000000   Number         0  dcmpi.o ABSOLUTE
    ../fplib/ddiv.s                          0x00000000   Number         0  ddiv.o ABSOLUTE
    ../fplib/deqf.s                          0x00000000   Number         0  deqf.o ABSOLUTE
    ../fplib/dfixu.s                         0x00000000   Number         0  dfixu.o ABSOLUTE
    ../fplib/dflt.s                          0x00000000   Number         0  dflt_clz.o ABSOLUTE
    ../fplib/dmul.s                          0x00000000   Number         0  dmul.o ABSOLUTE
    ../fplib/dnaninf.s                       0x00000000   Number         0  dnaninf.o ABSOLUTE
    ../fplib/dretinf.s                       0x00000000   Number         0  dretinf.o ABSOLUTE
    ../fplib/fpinit.s                        0x00000000   Number         0  fpinit.o ABSOLUTE
    ../fplib/usenofp.s                       0x00000000   Number         0  usenofp.o ABSOLUTE
    GLCD\AsciiLib.c                          0x00000000   Number         0  asciilib.o ABSOLUTE
    GLCD\GLCD.c                              0x00000000   Number         0  glcd.o ABSOLUTE
    GLCD\\GLCD.c                             0x00000000   Number         0  glcd.o ABSOLUTE
    IRQ_RIT.c                                0x00000000   Number         0  irq_rit.o ABSOLUTE
    IRQ_RIT.c                                0x00000000   Number         0  irq_rit.o ABSOLUTE
    Pet.c                                    0x00000000   Number         0  pet.o ABSOLUTE
    Pet.c                                    0x00000000   Number         0  pet.o ABSOLUTE
    TouchPanel\TouchPanel.c                  0x00000000   Number         0  touchpanel.o ABSOLUTE
    TouchPanel\\TouchPanel.c                 0x00000000   Number         0  touchpanel.o ABSOLUTE
    adc\IRQ_adc.c                            0x00000000   Number         0  irq_adc.o ABSOLUTE
    adc\\IRQ_adc.c                           0x00000000   Number         0  irq_adc.o ABSOLUTE
    adc\\lib_adc.c                           0x00000000   Number         0  lib_adc.o ABSOLUTE
    adc\lib_adc.c                            0x00000000   Number         0  lib_adc.o ABSOLUTE
    core_cm3.c                               0x00000000   Number         0  core_cm3.o ABSOLUTE
    core_cm3.c                               0x00000000   Number         0  core_cm3.o ABSOLUTE
    dc.s                                     0x00000000   Number         0  dc.o ABSOLUTE
    joystick.c                               0x00000000   Number         0  joystick.o ABSOLUTE
    joystick.c                               0x00000000   Number         0  joystick.o ABSOLUTE
    lib_RIT.c                                0x00000000   Number         0  lib_rit.o ABSOLUTE
    lib_RIT.c                                0x00000000   Number         0  lib_rit.o ABSOLUTE
    sample.c                                 0x00000000   Number         0  sample.o ABSOLUTE
    sample.c                                 0x00000000   Number         0  sample.o ABSOLUTE
    startup_LPC17xx.s                        0x00000000   Number         0  startup_lpc17xx.o ABSOLUTE
    system_LPC17xx.c                         0x00000000   Number         0  system_lpc17xx.o ABSOLUTE
    system_LPC17xx.c                         0x00000000   Number         0  system_lpc17xx.o ABSOLUTE
    timer\IRQ_timer.c                        0x00000000   Number         0  irq_timer.o ABSOLUTE
    timer\\IRQ_timer.c                       0x00000000   Number         0  irq_timer.o ABSOLUTE
    timer\\lib_timer.c                       0x00000000   Number         0  lib_timer.o ABSOLUTE
    timer\lib_timer.c                        0x00000000   Number         0  lib_timer.o ABSOLUTE
    !!!main                                  0x000000cc   Section        8  __main.o(!!!main)
    !!!scatter                               0x000000d4   Section       52  __scatter.o(!!!scatter)
    !!dclz77c                                0x00000108   Section      100  __dclz77c.o(!!dclz77c)
    !!handler_zi                             0x0000016c   Section       28  __scatter_zi.o(!!handler_zi)
    .ARM.Collect$$_printf_percent$$00000000  0x00000188   Section        0  _printf_percent.o(.ARM.Collect$$_printf_percent$$00000000)
    .ARM.Collect$$_printf_percent$$00000009  0x00000188   Section        6  _printf_d.o(.ARM.Collect$$_printf_percent$$00000009)
    .ARM.Collect$$_printf_percent$$00000017  0x0000018e   Section        4  _printf_percent_end.o(.ARM.Collect$$_printf_percent$$00000017)
    .ARM.Collect$$libinit$$00000000          0x00000192   Section        2  libinit.o(.ARM.Collect$$libinit$$00000000)
    .ARM.Collect$$libinit$$00000002          0x00000194   Section        0  libinit2.o(.ARM.Collect$$libinit$$00000002)
    .ARM.Collect$$libinit$$00000004          0x00000194   Section        0  libinit2.o(.ARM.Collect$$libinit$$00000004)
    .ARM.Collect$$libinit$$0000000A          0x00000194   Section        0  libinit2.o(.ARM.Collect$$libinit$$0000000A)
    .ARM.Collect$$libinit$$0000000C          0x00000194   Section        0  libinit2.o(.ARM.Collect$$libinit$$0000000C)
    .ARM.Collect$$libinit$$0000000E          0x00000194   Section        0  libinit2.o(.ARM.Collect$$libinit$$0000000E)
    .ARM.Collect$$libinit$$00000011          0x00000194   Section        0  libinit2.o(.ARM.Collect$$libinit$$00000011)
    .ARM.Collect$$libinit$$00000013          0x00000194   Section        0  libinit2.o(.ARM.Collect$$libinit$$00000013)
    .ARM.Collect$$libinit$$00000015          0x00000194   Section        0  libinit2.o(.ARM.Collect$$libinit$$00000015)
    .ARM.Collect$$libinit$$00000017          0x00000194   Section        0  libinit2.o(.ARM.Collect$$libinit$$00000017)
    .ARM.Collect$$libinit$$00000019          0x00000194   Section        0  libinit2.o(.ARM.Collect$$libinit$$00000019)
    .ARM.Collect$$libinit$$0000001B          0x00000194   Section        0  libinit2.o(.ARM.Collect$$libinit$$0000001B)
    .ARM.Collect$$libinit$$0000001D          0x00000194   Section        0  libinit2.o(.ARM.Collect$$libinit$$0000001D)
    .ARM.Collect$$libinit$$0000001F          0x00000194   Section        0  libinit2.o(.ARM.Collect$$libinit$$0000001F)
    .ARM.Collect$$libinit$$00000021          0x00000194   Section        0  libinit2.o(.ARM.Collect$$libinit$$00000021)
    .ARM.Collect$$libinit$$00000023          0x00000194   Section        0  libinit2.o(.ARM.Collect$$libinit$$00000023)
    .ARM.Collect$$libinit$$00000025          0x00000194   Section        0  libinit2.o(.ARM.Collect$$libinit$$00000025)
    .ARM.Collect$$libinit$$0000002C          0x00000194   Section        0  libinit2.o(.ARM.Collect$$libinit$$0000002C)
    .ARM.Collect$$libinit$$0000002E          0x00000194   Section        0  libinit2.o(.ARM.Collect$$libinit$$0000002E)
    .ARM.Collect$$libinit$$00000030          0x00000194   Section        0  libinit2.o(.ARM.Collect$$libinit$$00000030)
    .ARM.Collect$$libinit$$00000032          0x00000194   Section        0  libinit2.o(.ARM.Collect$$libinit$$00000032)
    .ARM.Collect$$libinit$$00000033          0x00000194   Section        2  libinit2.o(.ARM.Collect$$libinit$$00000033)
    .ARM.Collect$$libshutdown$$00000000      0x00000196   Section        2  libshutdown.o(.ARM.Collect$$libshutdown$$00000000)
    .ARM.Collect$$libshutdown$$00000002      0x00000198   Section        0  libshutdown2.o(.ARM.Collect$$libshutdown$$00000002)
    .ARM.Collect$$libshutdown$$00000004      0x00000198   Section        0  libshutdown2.o(.ARM.Collect$$libshutdown$$00000004)
    .ARM.Collect$$libshutdown$$00000006      0x00000198   Section        0  libshutdown2.o(.ARM.Collect$$libshutdown$$00000006)
    .ARM.Collect$$libshutdown$$00000009      0x00000198   Section        0  libshutdown2.o(.ARM.Collect$$libshutdown$$00000009)
    .ARM.Collect$$libshutdown$$0000000C      0x00000198   Section        0  libshutdown2.o(.ARM.Collect$$libshutdown$$0000000C)
    .ARM.Collect$$libshutdown$$0000000E      0x00000198   Section        0  libshutdown2.o(.ARM.Collect$$libshutdown$$0000000E)
    .ARM.Collect$$libshutdown$$00000011      0x00000198   Section        0  libshutdown2.o(.ARM.Collect$$libshutdown$$00000011)
    .ARM.Collect$$libshutdown$$00000012      0x00000198   Section        2  libshutdown2.o(.ARM.Collect$$libshutdown$$00000012)
    .ARM.Collect$$rtentry$$00000000          0x0000019a   Section        0  __rtentry.o(.ARM.Collect$$rtentry$$00000000)
    .ARM.Collect$$rtentry$$00000002          0x0000019a   Section        0  __rtentry2.o(.ARM.Collect$$rtentry$$00000002)
    .ARM.Collect$$rtentry$$00000004          0x0000019a   Section        6  __rtentry4.o(.ARM.Collect$$rtentry$$00000004)
    .ARM.Collect$$rtentry$$00000009          0x000001a0   Section        0  __rtentry2.o(.ARM.Collect$$rtentry$$00000009)
    .ARM.Collect$$rtentry$$0000000A          0x000001a0   Section        4  __rtentry2.o(.ARM.Collect$$rtentry$$0000000A)
    .ARM.Collect$$rtentry$$0000000C          0x000001a4   Section        0  __rtentry2.o(.ARM.Collect$$rtentry$$0000000C)
    .ARM.Collect$$rtentry$$0000000D          0x000001a4   Section        8  __rtentry2.o(.ARM.Collect$$rtentry$$0000000D)
    .ARM.Collect$$rtexit$$00000000           0x000001ac   Section        2  rtexit.o(.ARM.Collect$$rtexit$$00000000)
    .ARM.Collect$$rtexit$$00000002           0x000001ae   Section        0  rtexit2.o(.ARM.Collect$$rtexit$$00000002)
    .ARM.Collect$$rtexit$$00000003           0x000001ae   Section        4  rtexit2.o(.ARM.Collect$$rtexit$$00000003)
    .ARM.Collect$$rtexit$$00000004           0x000001b2   Section        6  rtexit2.o(.ARM.Collect$$rtexit$$00000004)
    .text                                    0x000001b8   Section       52  startup_lpc17xx.o(.text)
    .text                                    0x000001ec   Section        0  sample.o(.text)
    .text                                    0x00000258   Section        0  asciilib.o(.text)
    .text                                    0x00000278   Section        0  joystick.o(.text)
    .text                                    0x000002e4   Section        0  heapauxi.o(.text)
    .text                                    0x000002ea   Section        0  _sputc.o(.text)
    .text                                    0x000002f4   Section        8  libspace.o(.text)
    .ARM.__at_0x02FC                         0x000002fc   Section        4  startup_lpc17xx.o(.ARM.__at_0x02FC)
    .text                                    0x00000300   Section        0  pet.o(.text)
    .text                                    0x00001670   Section        0  system_lpc17xx.o(.text)
    .text                                    0x000018bc   Section        0  irq_timer.o(.text)
    .text                                    0x00001ee8   Section        0  lib_timer.o(.text)
    __NVIC_EnableIRQ                         0x00001ee9   Thumb Code    34  lib_timer.o(.text)
    __NVIC_SetPriority                       0x00001f0b   Thumb Code    32  lib_timer.o(.text)
    .text                                    0x000021f0   Section        0  glcd.o(.text)
    LCD_SetCursor                            0x000021fd   Thumb Code  1368  glcd.o(.text)
    LCD_Configuration                        0x000029ed   Thumb Code    20  glcd.o(.text)
    delay_ms                                 0x00002a01   Thumb Code    30  glcd.o(.text)
    LCD_BGR2RGB                              0x00005f4f   Thumb Code    26  glcd.o(.text)
    .text                                    0x00006fb0   Section        0  touchpanel.o(.text)
    ADS7843_SPI_Init                         0x00006fc1   Thumb Code   128  touchpanel.o(.text)
    DelayUS                                  0x0000705f   Thumb Code    28  touchpanel.o(.text)
    WR_CMD                                   0x0000707b   Thumb Code    56  touchpanel.o(.text)
    RD_AD                                    0x000070b3   Thumb Code    42  touchpanel.o(.text)
    .text                                    0x00007930   Section        0  irq_rit.o(.text)
    .text                                    0x00007cb8   Section        0  lib_rit.o(.text)
    .text                                    0x00007d4c   Section        0  irq_adc.o(.text)
    .text                                    0x00007da8   Section        0  lib_adc.o(.text)
    .text                                    0x00007e14   Section        0  noretval__2sprintf.o(.text)
    .text                                    0x00007e3c   Section        0  _printf_pad.o(.text)
    .text                                    0x00007e8c   Section        0  _printf_dec.o(.text)
    .text                                    0x00007f04   Section        0  __printf_flags_wp.o(.text)
    .text                                    0x0000803c   Section      138  rt_memcpy_v6.o(.text)
    .text                                    0x000080c6   Section       78  rt_memclr_w.o(.text)
    .text                                    0x00008114   Section        0  _printf_intcommon.o(.text)
    .text                                    0x000081c8   Section        0  _printf_char_common.o(.text)
    _printf_input_char                       0x000081c9   Thumb Code    10  _printf_char_common.o(.text)
    .text                                    0x000081f8   Section      100  rt_memcpy_w.o(.text)
    .text                                    0x0000825c   Section       74  sys_stackheap_outer.o(.text)
    .text                                    0x000082a6   Section        0  exit.o(.text)
    .text                                    0x000082b8   Section        0  sys_exit.o(.text)
    .text                                    0x000082c4   Section        2  use_no_semi.o(.text)
    .text                                    0x000082c6   Section        0  indicate_semi.o(.text)
    i._is_digit                              0x000082c6   Section        0  __printf_wp.o(i._is_digit)
    x$fpl$dadd                               0x000082d4   Section      336  daddsub_clz.o(x$fpl$dadd)
    _dadd1                                   0x000082e5   Thumb Code     0  daddsub_clz.o(x$fpl$dadd)
    x$fpl$dcmpinf                            0x00008424   Section       24  dcmpi.o(x$fpl$dcmpinf)
    x$fpl$ddiv                               0x0000843c   Section      688  ddiv.o(x$fpl$ddiv)
    ddiv_entry                               0x00008443   Thumb Code     0  ddiv.o(x$fpl$ddiv)
    x$fpl$deqf                               0x000086ec   Section      120  deqf.o(x$fpl$deqf)
    x$fpl$dfixu                              0x00008764   Section       90  dfixu.o(x$fpl$dfixu)
    x$fpl$dflt                               0x000087be   Section       46  dflt_clz.o(x$fpl$dflt)
    x$fpl$dfltu                              0x000087ec   Section       38  dflt_clz.o(x$fpl$dfltu)
    x$fpl$dmul                               0x00008814   Section      340  dmul.o(x$fpl$dmul)
    x$fpl$dnaninf                            0x00008968   Section      156  dnaninf.o(x$fpl$dnaninf)
    x$fpl$dretinf                            0x00008a04   Section       12  dretinf.o(x$fpl$dretinf)
    x$fpl$dsub                               0x00008a10   Section      468  daddsub_clz.o(x$fpl$dsub)
    _dsub1                                   0x00008a21   Thumb Code     0  daddsub_clz.o(x$fpl$dsub)
    .constdata                               0x00008be4   Section     1520  asciilib.o(.constdata)
    x$fpl$usenofp                            0x00008be4   Section        0  usenofp.o(x$fpl$usenofp)
    AsciiLib                                 0x00008be4   Data        1520  asciilib.o(.constdata)
    .constdata                               0x000091d4   Section       17  __printf_flags_wp.o(.constdata)
    maptable                                 0x000091d4   Data          17  __printf_flags_wp.o(.constdata)
    .data                                    0x10000000   Section    31146  pet.o(.data)
    .data                                    0x2007c000   Section        5  system_lpc17xx.o(.data)
    .data                                    0x2007c008   Section      156  irq_timer.o(.data)
    count                                    0x2007c084   Data           4  irq_timer.o(.data)
    hh                                       0x2007c088   Data           4  irq_timer.o(.data)
    mm                                       0x2007c08c   Data           4  irq_timer.o(.data)
    ss                                       0x2007c090   Data           4  irq_timer.o(.data)
    tmpH                                     0x2007c094   Data           4  irq_timer.o(.data)
    tmpB                                     0x2007c098   Data           4  irq_timer.o(.data)
    ticks                                    0x2007c09c   Data           4  irq_timer.o(.data)
    count                                    0x2007c0a0   Data           4  irq_timer.o(.data)
    .data                                    0x2007c0a4   Section        4  glcd.o(.data)
    LCD_Code                                 0x2007c0a4   Data           1  glcd.o(.data)
    back_color                               0x2007c0a6   Data           2  glcd.o(.data)
    .data                                    0x2007c0a8   Section       20  touchpanel.o(.data)
    screen                                   0x2007c0b8   Data           4  touchpanel.o(.data)
    .data                                    0x2007c0bc   Section      156  irq_rit.o(.data)
    jL                                       0x2007c140   Data           4  irq_rit.o(.data)
    jR                                       0x2007c144   Data           4  irq_rit.o(.data)
    jS                                       0x2007c148   Data           4  irq_rit.o(.data)
    tick                                     0x2007c14c   Data           4  irq_rit.o(.data)
    note                                     0x2007c150   Data           4  irq_rit.o(.data)
    selectButton                             0x2007c154   Data           4  irq_rit.o(.data)
    .data                                    0x2007c158   Section       40  irq_adc.o(.data)
    .bss                                     0x2007c180   Section       68  touchpanel.o(.bss)
    .bss                                     0x2007c1c4   Section       96  libspace.o(.bss)
    HEAP                                     0x2007c228   Section        0  startup_lpc17xx.o(HEAP)
    STACK                                    0x2007c228   Section     4096  startup_lpc17xx.o(STACK)
    Heap_Mem                                 0x2007c228   Data           0  startup_lpc17xx.o(HEAP)
    Stack_Mem                                0x2007c228   Data        4096  startup_lpc17xx.o(STACK)
    __initial_sp                             0x2007d228   Data           0  startup_lpc17xx.o(STACK)

    Global Symbols

    Symbol Name                              Value     Ov Type        Size  Object(Section)

    BuildAttributes$$THM_ISAv4$P$D$K$B$S$PE$A:L22UL41UL21$X:L11$S22US41US21$IEEE1$IW$USESV6$~STKCKD$USESV7$~SHL$OSPACE$ROPI$EBA8$UX$STANDARDLIB$REQ8$PRES8$EABIv2 0x00000000   Number         0  anon$$obj.o ABSOLUTE
    __ARM_use_no_argv                        0x00000000   Number         0  sample.o ABSOLUTE
    __Vectors                                0x00000000   Data           4  startup_lpc17xx.o(RESET)
    _printf_flags                            0x00000000   Number         0  printf_stubs.o ABSOLUTE
    _printf_return_value                     0x00000000   Number         0  printf_stubs.o ABSOLUTE
    _printf_sizespec                         0x00000000   Number         0  printf_stubs.o ABSOLUTE
    _printf_widthprec                        0x00000000   Number         0  printf_stubs.o ABSOLUTE
    __ARM_exceptions_init                     - Undefined Weak Reference
    __alloca_initialize                       - Undefined Weak Reference
    __arm_fini_                               - Undefined Weak Reference
    __arm_preinit_                            - Undefined Weak Reference
    __cpp_initialize__aeabi_                  - Undefined Weak Reference
    __cxa_finalize                            - Undefined Weak Reference
    __rt_locale                               - Undefined Weak Reference
    __sigvec_lookup                           - Undefined Weak Reference
    _atexit_init                              - Undefined Weak Reference
    _call_atexit_fns                          - Undefined Weak Reference
    _clock_init                               - Undefined Weak Reference
    _fp_trap_init                             - Undefined Weak Reference
    _fp_trap_shutdown                         - Undefined Weak Reference
    _get_lc_collate                           - Undefined Weak Reference
    _get_lc_ctype                             - Undefined Weak Reference
    _get_lc_monetary                          - Undefined Weak Reference
    _get_lc_numeric                           - Undefined Weak Reference
    _get_lc_time                              - Undefined Weak Reference
    _getenv_init                              - Undefined Weak Reference
    _handle_redirection                       - Undefined Weak Reference
    _init_alloc                               - Undefined Weak Reference
    _init_user_alloc                          - Undefined Weak Reference
    _initio                                   - Undefined Weak Reference
    _printf_truncate_signed                   - Undefined Weak Reference
    _printf_truncate_unsigned                 - Undefined Weak Reference
    _rand_init                                - Undefined Weak Reference
    _signal_finish                            - Undefined Weak Reference
    _signal_init                              - Undefined Weak Reference
    _terminate_alloc                          - Undefined Weak Reference
    _terminate_user_alloc                     - Undefined Weak Reference
    _terminateio                              - Undefined Weak Reference
    __main                                   0x000000cd   Thumb Code     8  __main.o(!!!main)
    __scatterload                            0x000000d5   Thumb Code     0  __scatter.o(!!!scatter)
    __scatterload_rt2                        0x000000d5   Thumb Code    44  __scatter.o(!!!scatter)
    __scatterload_rt2_thumb_only             0x000000d5   Thumb Code     0  __scatter.o(!!!scatter)
    __scatterload_null                       0x000000e3   Thumb Code     0  __scatter.o(!!!scatter)
    __decompress                             0x00000109   Thumb Code   100  __dclz77c.o(!!dclz77c)
    __decompress2                            0x00000109   Thumb Code     0  __dclz77c.o(!!dclz77c)
    __scatterload_zeroinit                   0x0000016d   Thumb Code    28  __scatter_zi.o(!!handler_zi)
    _printf_d                                0x00000189   Thumb Code     0  _printf_d.o(.ARM.Collect$$_printf_percent$$00000009)
    _printf_percent                          0x00000189   Thumb Code     0  _printf_percent.o(.ARM.Collect$$_printf_percent$$00000000)
    _printf_percent_end                      0x0000018f   Thumb Code     0  _printf_percent_end.o(.ARM.Collect$$_printf_percent$$00000017)
    __rt_lib_init                            0x00000193   Thumb Code     0  libinit.o(.ARM.Collect$$libinit$$00000000)
    __rt_lib_init_alloca_1                   0x00000195   Thumb Code     0  libinit2.o(.ARM.Collect$$libinit$$0000002E)
    __rt_lib_init_argv_1                     0x00000195   Thumb Code     0  libinit2.o(.ARM.Collect$$libinit$$0000002C)
    __rt_lib_init_atexit_1                   0x00000195   Thumb Code     0  libinit2.o(.ARM.Collect$$libinit$$0000001B)
    __rt_lib_init_clock_1                    0x00000195   Thumb Code     0  libinit2.o(.ARM.Collect$$libinit$$00000021)
    __rt_lib_init_cpp_1                      0x00000195   Thumb Code     0  libinit2.o(.ARM.Collect$$libinit$$00000032)
    __rt_lib_init_exceptions_1               0x00000195   Thumb Code     0  libinit2.o(.ARM.Collect$$libinit$$00000030)
    __rt_lib_init_fp_1                       0x00000195   Thumb Code     0  libinit2.o(.ARM.Collect$$libinit$$00000002)
    __rt_lib_init_fp_trap_1                  0x00000195   Thumb Code     0  libinit2.o(.ARM.Collect$$libinit$$0000001F)
    __rt_lib_init_getenv_1                   0x00000195   Thumb Code     0  libinit2.o(.ARM.Collect$$libinit$$00000023)
    __rt_lib_init_heap_1                     0x00000195   Thumb Code     0  libinit2.o(.ARM.Collect$$libinit$$0000000A)
    __rt_lib_init_lc_collate_1               0x00000195   Thumb Code     0  libinit2.o(.ARM.Collect$$libinit$$00000011)
    __rt_lib_init_lc_ctype_1                 0x00000195   Thumb Code     0  libinit2.o(.ARM.Collect$$libinit$$00000013)
    __rt_lib_init_lc_monetary_1              0x00000195   Thumb Code     0  libinit2.o(.ARM.Collect$$libinit$$00000015)
    __rt_lib_init_lc_numeric_1               0x00000195   Thumb Code     0  libinit2.o(.ARM.Collect$$libinit$$00000017)
    __rt_lib_init_lc_time_1                  0x00000195   Thumb Code     0  libinit2.o(.ARM.Collect$$libinit$$00000019)
    __rt_lib_init_preinit_1                  0x00000195   Thumb Code     0  libinit2.o(.ARM.Collect$$libinit$$00000004)
    __rt_lib_init_rand_1                     0x00000195   Thumb Code     0  libinit2.o(.ARM.Collect$$libinit$$0000000E)
    __rt_lib_init_return                     0x00000195   Thumb Code     0  libinit2.o(.ARM.Collect$$libinit$$00000033)
    __rt_lib_init_signal_1                   0x00000195   Thumb Code     0  libinit2.o(.ARM.Collect$$libinit$$0000001D)
    __rt_lib_init_stdio_1                    0x00000195   Thumb Code     0  libinit2.o(.ARM.Collect$$libinit$$00000025)
    __rt_lib_init_user_alloc_1               0x00000195   Thumb Code     0  libinit2.o(.ARM.Collect$$libinit$$0000000C)
    __rt_lib_shutdown                        0x00000197   Thumb Code     0  libshutdown.o(.ARM.Collect$$libshutdown$$00000000)
    __rt_lib_shutdown_cpp_1                  0x00000199   Thumb Code     0  libshutdown2.o(.ARM.Collect$$libshutdown$$00000004)
    __rt_lib_shutdown_fini_1                 0x00000199   Thumb Code     0  libshutdown2.o(.ARM.Collect$$libshutdown$$00000002)
    __rt_lib_shutdown_fp_trap_1              0x00000199   Thumb Code     0  libshutdown2.o(.ARM.Collect$$libshutdown$$00000009)
    __rt_lib_shutdown_heap_1                 0x00000199   Thumb Code     0  libshutdown2.o(.ARM.Collect$$libshutdown$$00000011)
    __rt_lib_shutdown_return                 0x00000199   Thumb Code     0  libshutdown2.o(.ARM.Collect$$libshutdown$$00000012)
    __rt_lib_shutdown_signal_1               0x00000199   Thumb Code     0  libshutdown2.o(.ARM.Collect$$libshutdown$$0000000C)
    __rt_lib_shutdown_stdio_1                0x00000199   Thumb Code     0  libshutdown2.o(.ARM.Collect$$libshutdown$$00000006)
    __rt_lib_shutdown_user_alloc_1           0x00000199   Thumb Code     0  libshutdown2.o(.ARM.Collect$$libshutdown$$0000000E)
    __rt_entry                               0x0000019b   Thumb Code     0  __rtentry.o(.ARM.Collect$$rtentry$$00000000)
    __rt_entry_presh_1                       0x0000019b   Thumb Code     0  __rtentry2.o(.ARM.Collect$$rtentry$$00000002)
    __rt_entry_sh                            0x0000019b   Thumb Code     0  __rtentry4.o(.ARM.Collect$$rtentry$$00000004)
    __rt_entry_li                            0x000001a1   Thumb Code     0  __rtentry2.o(.ARM.Collect$$rtentry$$0000000A)
    __rt_entry_postsh_1                      0x000001a1   Thumb Code     0  __rtentry2.o(.ARM.Collect$$rtentry$$00000009)
    __rt_entry_main                          0x000001a5   Thumb Code     0  __rtentry2.o(.ARM.Collect$$rtentry$$0000000D)
    __rt_entry_postli_1                      0x000001a5   Thumb Code     0  __rtentry2.o(.ARM.Collect$$rtentry$$0000000C)
    __rt_exit                                0x000001ad   Thumb Code     0  rtexit.o(.ARM.Collect$$rtexit$$00000000)
    __rt_exit_ls                             0x000001af   Thumb Code     0  rtexit2.o(.ARM.Collect$$rtexit$$00000003)
    __rt_exit_prels_1                        0x000001af   Thumb Code     0  rtexit2.o(.ARM.Collect$$rtexit$$00000002)
    __rt_exit_exit                           0x000001b3   Thumb Code     0  rtexit2.o(.ARM.Collect$$rtexit$$00000004)
    Reset_Handler                            0x000001b9   Thumb Code     4  startup_lpc17xx.o(.text)
    NMI_Handler                              0x000001bd   Thumb Code     2  startup_lpc17xx.o(.text)
    HardFault_Handler                        0x000001bf   Thumb Code     2  startup_lpc17xx.o(.text)
    MemManage_Handler                        0x000001c1   Thumb Code     2  startup_lpc17xx.o(.text)
    BusFault_Handler                         0x000001c3   Thumb Code     2  startup_lpc17xx.o(.text)
    UsageFault_Handler                       0x000001c5   Thumb Code     2  startup_lpc17xx.o(.text)
    SVC_Handler                              0x000001c7   Thumb Code     2  startup_lpc17xx.o(.text)
    DebugMon_Handler                         0x000001c9   Thumb Code     2  startup_lpc17xx.o(.text)
    PendSV_Handler                           0x000001cb   Thumb Code     2  startup_lpc17xx.o(.text)
    SysTick_Handler                          0x000001cd   Thumb Code     2  startup_lpc17xx.o(.text)
    BOD_IRQHandler                           0x000001cf   Thumb Code     0  startup_lpc17xx.o(.text)
    CANActivity_IRQHandler                   0x000001cf   Thumb Code     0  startup_lpc17xx.o(.text)
    CAN_IRQHandler                           0x000001cf   Thumb Code     0  startup_lpc17xx.o(.text)
    DMA_IRQHandler                           0x000001cf   Thumb Code     0  startup_lpc17xx.o(.text)
    EINT0_IRQHandler                         0x000001cf   Thumb Code     0  startup_lpc17xx.o(.text)
    EINT1_IRQHandler                         0x000001cf   Thumb Code     0  startup_lpc17xx.o(.text)
    EINT2_IRQHandler                         0x000001cf   Thumb Code     0  startup_lpc17xx.o(.text)
    EINT3_IRQHandler                         0x000001cf   Thumb Code     0  startup_lpc17xx.o(.text)
    ENET_IRQHandler                          0x000001cf   Thumb Code     0  startup_lpc17xx.o(.text)
    I2C0_IRQHandler                          0x000001cf   Thumb Code     0  startup_lpc17xx.o(.text)
    I2C1_IRQHandler                          0x000001cf   Thumb Code     0  startup_lpc17xx.o(.text)
    I2C2_IRQHandler                          0x000001cf   Thumb Code     0  startup_lpc17xx.o(.text)
    I2S_IRQHandler                           0x000001cf   Thumb Code     0  startup_lpc17xx.o(.text)
    MCPWM_IRQHandler                         0x000001cf   Thumb Code     0  startup_lpc17xx.o(.text)
    PLL0_IRQHandler                          0x000001cf   Thumb Code     0  startup_lpc17xx.o(.text)
    PLL1_IRQHandler                          0x000001cf   Thumb Code     0  startup_lpc17xx.o(.text)
    PWM1_IRQHandler                          0x000001cf   Thumb Code     0  startup_lpc17xx.o(.text)
    QEI_IRQHandler                           0x000001cf   Thumb Code     0  startup_lpc17xx.o(.text)
    RTC_IRQHandler                           0x000001cf   Thumb Code     0  startup_lpc17xx.o(.text)
    SPI_IRQHandler                           0x000001cf   Thumb Code     0  startup_lpc17xx.o(.text)
    SSP0_IRQHandler                          0x000001cf   Thumb Code     0  startup_lpc17xx.o(.text)
    SSP1_IRQHandler                          0x000001cf   Thumb Code     0  startup_lpc17xx.o(.text)
    UART0_IRQHandler                         0x000001cf   Thumb Code     0  startup_lpc17xx.o(.text)
    UART1_IRQHandler                         0x000001cf   Thumb Code     0  startup_lpc17xx.o(.text)
    UART2_IRQHandler                         0x000001cf   Thumb Code     0  startup_lpc17xx.o(.text)
    UART3_IRQHandler                         0x000001cf   Thumb Code     0  startup_lpc17xx.o(.text)
    USBActivity_IRQHandler                   0x000001cf   Thumb Code     0  startup_lpc17xx.o(.text)
    USB_IRQHandler                           0x000001cf   Thumb Code     0  startup_lpc17xx.o(.text)
    WDT_IRQHandler                           0x000001cf   Thumb Code     0  startup_lpc17xx.o(.text)
    __user_initial_stackheap                 0x000001d1   Thumb Code     0  startup_lpc17xx.o(.text)
    main                                     0x000001ed   Thumb Code    94  sample.o(.text)
    GetASCIICode                             0x00000259   Thumb Code    26  asciilib.o(.text)
    joystick_init                            0x00000279   Thumb Code    98  joystick.o(.text)
    __use_two_region_memory                  0x000002e5   Thumb Code     2  heapauxi.o(.text)
    __rt_heap_escrow$2region                 0x000002e7   Thumb Code     2  heapauxi.o(.text)
    __rt_heap_expand$2region                 0x000002e9   Thumb Code     2  heapauxi.o(.text)
    _sputc                                   0x000002eb   Thumb Code    10  _sputc.o(.text)
    __user_libspace                          0x000002f5   Thumb Code     8  libspace.o(.text)
    __user_perproc_libspace                  0x000002f5   Thumb Code     0  libspace.o(.text)
    __user_perthread_libspace                0x000002f5   Thumb Code     0  libspace.o(.text)
    drawSprite                               0x00000301   Thumb Code   156  pet.o(.text)
    drawHearts                               0x0000039d   Thumb Code    88  pet.o(.text)
    deleteHearts                             0x000003f5   Thumb Code    62  pet.o(.text)
    addHeart                                 0x00000433   Thumb Code    50  pet.o(.text)
    drawBatteries                            0x00000465   Thumb Code   110  pet.o(.text)
    deleteBatteries                          0x000004d3   Thumb Code    64  pet.o(.text)
    addBattery                               0x00000513   Thumb Code    54  pet.o(.text)
    drawItem                                 0x00000549   Thumb Code   100  pet.o(.text)
    deleteItem                               0x000005ad   Thumb Code    64  pet.o(.text)
    drawHP                                   0x000005ed   Thumb Code   130  pet.o(.text)
    deleteHP                                 0x0000066f   Thumb Code    64  pet.o(.text)
    base_animation                           0x000006af   Thumb Code   494  pet.o(.text)
    animations                               0x0000089d   Thumb Code  2630  pet.o(.text)
    drawMute                                 0x000012e3   Thumb Code   130  pet.o(.text)
    drawVolume                               0x00001365   Thumb Code    80  pet.o(.text)
    setDirection                             0x000013b5   Thumb Code     6  pet.o(.text)
    getDirection                             0x000013bb   Thumb Code     6  pet.o(.text)
    checkDistanceL                           0x000013c1   Thumb Code    40  pet.o(.text)
    checkDistanceR                           0x000013e9   Thumb Code    44  pet.o(.text)
    isDead                                   0x00001415   Thumb Code    20  pet.o(.text)
    outsideScreen                            0x00001429   Thumb Code    18  pet.o(.text)
    drawSetup                                0x0000143b   Thumb Code   458  pet.o(.text)
    SystemInit                               0x00001671   Thumb Code   552  system_lpc17xx.o(.text)
    TIMER0_IRQHandler                        0x000018bd   Thumb Code   508  irq_timer.o(.text)
    TIMER1_IRQHandler                        0x00001ab9   Thumb Code   126  irq_timer.o(.text)
    TIMER2_IRQHandler                        0x00001b37   Thumb Code    72  irq_timer.o(.text)
    TIMER3_IRQHandler                        0x00001b7f   Thumb Code   828  irq_timer.o(.text)
    enable_timer                             0x00001f2b   Thumb Code    44  lib_timer.o(.text)
    disable_timer                            0x00001f57   Thumb Code    44  lib_timer.o(.text)
    reset_timer                              0x00001f83   Thumb Code    62  lib_timer.o(.text)
    init_timer                               0x00001fc1   Thumb Code   540  lib_timer.o(.text)
    wait_delay                               0x000021f1   Thumb Code    12  glcd.o(.text)
    LCD_SetPoint                             0x00002755   Thumb Code   202  glcd.o(.text)
    LCD_DrawLine                             0x0000281f   Thumb Code   250  glcd.o(.text)
    DrawBox                                  0x00002919   Thumb Code    82  glcd.o(.text)
    LCD_DrawRectangle                        0x0000296b   Thumb Code    58  glcd.o(.text)
    MyDrawRectangleLine                      0x000029a5   Thumb Code    72  glcd.o(.text)
    LCD_Initialization                       0x00002a1f   Thumb Code 12022  glcd.o(.text)
    LCD_Clear                                0x00005915   Thumb Code  1514  glcd.o(.text)
    LCD_Color                                0x00005eff   Thumb Code    26  glcd.o(.text)
    LCD_Square                               0x00005f19   Thumb Code    54  glcd.o(.text)
    LCD_GetPoint                             0x00005f69   Thumb Code   988  glcd.o(.text)
    PutChar                                  0x00006345   Thumb Code   108  glcd.o(.text)
    GUI_Text                                 0x000063b1   Thumb Code    80  glcd.o(.text)
    wait                                     0x00006401   Thumb Code     4  glcd.o(.text)
    LCD_WriteCommand                         0x00006405   Thumb Code    74  glcd.o(.text)
    LCD_WritePixel                           0x0000644f   Thumb Code    64  glcd.o(.text)
    LCD_ClearWindow                          0x0000648f   Thumb Code   676  glcd.o(.text)
    LCD_SetWindow                            0x00006733   Thumb Code  1026  glcd.o(.text)
    LCD_SetOrientation                       0x00006b35   Thumb Code   378  glcd.o(.text)
    pixel                                    0x00006caf   Thumb Code   132  glcd.o(.text)
    LCD_DrawCircle                           0x00006d33   Thumb Code    94  glcd.o(.text)
    LCD_Darken                               0x00006d91   Thumb Code   308  glcd.o(.text)
    LCD_GetPixel                             0x00006ec5   Thumb Code   204  glcd.o(.text)
    LCD_SetBackground                        0x00006f91   Thumb Code    16  glcd.o(.text)
    LCD_GetBackground                        0x00006fa1   Thumb Code     6  glcd.o(.text)
    LPC17xx_SPI_SetSpeed                     0x00006fb1   Thumb Code    16  touchpanel.o(.text)
    TP_Init                                  0x00007041   Thumb Code    30  touchpanel.o(.text)
    Read_X                                   0x000070dd   Thumb Code    42  touchpanel.o(.text)
    Read_Y                                   0x00007107   Thumb Code    42  touchpanel.o(.text)
    TP_GetAdXY                               0x00007131   Thumb Code    34  touchpanel.o(.text)
    TP_DrawPoint                             0x00007153   Thumb Code    20  touchpanel.o(.text)
    DrawCross                                0x00007167   Thumb Code   356  touchpanel.o(.text)
    DeleteCross                              0x000072cb   Thumb Code   350  touchpanel.o(.text)
    Read_Ads7846                             0x00007429   Thumb Code   502  touchpanel.o(.text)
    setCalibrationMatrix                     0x0000761f   Thumb Code   356  touchpanel.o(.text)
    getDisplayPoint                          0x00007783   Thumb Code   262  touchpanel.o(.text)
    TouchPanel_Calibrate                     0x00007889   Thumb Code   120  touchpanel.o(.text)
    RIT_IRQHandler                           0x00007931   Thumb Code   824  irq_rit.o(.text)
    enable_RIT                               0x00007cb9   Thumb Code    14  lib_rit.o(.text)
    disable_RIT                              0x00007cc7   Thumb Code    14  lib_rit.o(.text)
    reset_RIT                                0x00007cd5   Thumb Code     8  lib_rit.o(.text)
    init_RIT                                 0x00007cdd   Thumb Code    98  lib_rit.o(.text)
    ADC_IRQHandler                           0x00007d4d   Thumb Code    74  irq_adc.o(.text)
    ADC_init                                 0x00007da9   Thumb Code    76  lib_adc.o(.text)
    ADC_start_conversion                     0x00007df5   Thumb Code    14  lib_adc.o(.text)
    __2sprintf                               0x00007e15   Thumb Code    34  noretval__2sprintf.o(.text)
    _printf_pre_padding                      0x00007e3d   Thumb Code    44  _printf_pad.o(.text)
    _printf_post_padding                     0x00007e69   Thumb Code    34  _printf_pad.o(.text)
    _printf_int_dec                          0x00007e8d   Thumb Code   104  _printf_dec.o(.text)
    __printf                                 0x00007f05   Thumb Code   308  __printf_flags_wp.o(.text)
    __aeabi_memcpy                           0x0000803d   Thumb Code     0  rt_memcpy_v6.o(.text)
    __rt_memcpy                              0x0000803d   Thumb Code   138  rt_memcpy_v6.o(.text)
    _memcpy_lastbytes                        0x000080a3   Thumb Code     0  rt_memcpy_v6.o(.text)
    __aeabi_memclr4                          0x000080c7   Thumb Code     0  rt_memclr_w.o(.text)
    __aeabi_memclr8                          0x000080c7   Thumb Code     0  rt_memclr_w.o(.text)
    __rt_memclr_w                            0x000080c7   Thumb Code    78  rt_memclr_w.o(.text)
    _memset_w                                0x000080cb   Thumb Code     0  rt_memclr_w.o(.text)
    _printf_int_common                       0x00008115   Thumb Code   178  _printf_intcommon.o(.text)
    _printf_char_common                      0x000081d3   Thumb Code    32  _printf_char_common.o(.text)
    __aeabi_memcpy4                          0x000081f9   Thumb Code     0  rt_memcpy_w.o(.text)
    __aeabi_memcpy8                          0x000081f9   Thumb Code     0  rt_memcpy_w.o(.text)
    __rt_memcpy_w                            0x000081f9   Thumb Code   100  rt_memcpy_w.o(.text)
    _memcpy_lastbytes_aligned                0x00008241   Thumb Code     0  rt_memcpy_w.o(.text)
    __user_setup_stackheap                   0x0000825d   Thumb Code    74  sys_stackheap_outer.o(.text)
    exit                                     0x000082a7   Thumb Code    18  exit.o(.text)
    _sys_exit                                0x000082b9   Thumb Code     8  sys_exit.o(.text)
    __I$use$semihosting                      0x000082c5   Thumb Code     0  use_no_semi.o(.text)
    __use_no_semihosting_swi                 0x000082c5   Thumb Code     2  use_no_semi.o(.text)
    __semihosting_library_function           0x000082c7   Thumb Code     0  indicate_semi.o(.text)
    _is_digit                                0x000082c7   Thumb Code    14  __printf_wp.o(i._is_digit)
    __aeabi_dadd                             0x000082d5   Thumb Code     0  daddsub_clz.o(x$fpl$dadd)
    _dadd                                    0x000082d5   Thumb Code   332  daddsub_clz.o(x$fpl$dadd)
    __fpl_dcmp_Inf                           0x00008425   Thumb Code    24  dcmpi.o(x$fpl$dcmpinf)
    __aeabi_ddiv                             0x0000843d   Thumb Code     0  ddiv.o(x$fpl$ddiv)
    _ddiv                                    0x0000843d   Thumb Code   552  ddiv.o(x$fpl$ddiv)
    __aeabi_cdcmpeq                          0x000086ed   Thumb Code     0  deqf.o(x$fpl$deqf)
    _dcmpeq                                  0x000086ed   Thumb Code   120  deqf.o(x$fpl$deqf)
    __aeabi_d2uiz                            0x00008765   Thumb Code     0  dfixu.o(x$fpl$dfixu)
    _dfixu                                   0x00008765   Thumb Code    90  dfixu.o(x$fpl$dfixu)
    __aeabi_i2d                              0x000087bf   Thumb Code     0  dflt_clz.o(x$fpl$dflt)
    _dflt                                    0x000087bf   Thumb Code    46  dflt_clz.o(x$fpl$dflt)
    __aeabi_ui2d                             0x000087ed   Thumb Code     0  dflt_clz.o(x$fpl$dfltu)
    _dfltu                                   0x000087ed   Thumb Code    38  dflt_clz.o(x$fpl$dfltu)
    __aeabi_dmul                             0x00008815   Thumb Code     0  dmul.o(x$fpl$dmul)
    _dmul                                    0x00008815   Thumb Code   332  dmul.o(x$fpl$dmul)
    __fpl_dnaninf                            0x00008969   Thumb Code   156  dnaninf.o(x$fpl$dnaninf)
    __fpl_dretinf                            0x00008a05   Thumb Code    12  dretinf.o(x$fpl$dretinf)
    __aeabi_dsub                             0x00008a11   Thumb Code     0  daddsub_clz.o(x$fpl$dsub)
    _dsub                                    0x00008a11   Thumb Code   464  daddsub_clz.o(x$fpl$dsub)
    __I$use$fp                               0x00008be4   Number         0  usenofp.o(x$fpl$usenofp)
    Region$$Table$$Base                      0x000091e8   Number         0  anon$$obj.o(Region$$Table)
    Region$$Table$$Limit                     0x00009218   Number         0  anon$$obj.o(Region$$Table)
    count_hp                                 0x10000000   Data           1  pet.o(.data)
    count_bat                                0x10000001   Data           1  pet.o(.data)
    x                                        0x10000002   Data           2  pet.o(.data)
    y                                        0x10000004   Data           2  pet.o(.data)
    x_hp                                     0x10000006   Data           2  pet.o(.data)
    y_hp                                     0x10000008   Data           2  pet.o(.data)
    x_it                                     0x1000000a   Data           2  pet.o(.data)
    y_it                                     0x1000000c   Data           2  pet.o(.data)
    flag_direction                           0x1000000e   Data           1  pet.o(.data)
    prev_anim                                0x1000000f   Data           1  pet.o(.data)
    tooclose                                 0x10000010   Data           1  pet.o(.data)
    sprite_base                              0x10000011   Data        5330  pet.o(.data)
    sprite_rightleg                          0x100014e3   Data        5330  pet.o(.data)
    sprite_leftleg                           0x100029b5   Data        5330  pet.o(.data)
    sprite_handsup                           0x10003e87   Data        5330  pet.o(.data)
    heart                                    0x10005359   Data         272  pet.o(.data)
    battery                                  0x10005469   Data         272  pet.o(.data)
    eyeAnimation                             0x10005579   Data         256  pet.o(.data)
    dice                                     0x10005679   Data         441  pet.o(.data)
    heart_hp                                 0x10005832   Data         441  pet.o(.data)
    dead_sprite                              0x100059eb   Data        5330  pet.o(.data)
    cuddle1                                  0x10006ebd   Data        2100  pet.o(.data)
    small_heart                              0x100076f1   Data          49  pet.o(.data)
    volumeS                                  0x10007722   Data         324  pet.o(.data)
    muteS                                    0x10007866   Data         324  pet.o(.data)
    SystemFrequency                          0x2007c000   Data           4  system_lpc17xx.o(.data)
    ScaleFlag                                0x2007c004   Data           1  system_lpc17xx.o(.data)
    SinTable                                 0x2007c008   Data          90  irq_timer.o(.data)
    flag_baseanimation                       0x2007c062   Data           1  irq_timer.o(.data)
    flag_stopbasic                           0x2007c063   Data           1  irq_timer.o(.data)
    flag_foot                                0x2007c064   Data           1  irq_timer.o(.data)
    flag_taken                               0x2007c065   Data           1  irq_timer.o(.data)
    flag_dead                                0x2007c066   Data           1  irq_timer.o(.data)
    flag_show                                0x2007c067   Data           1  irq_timer.o(.data)
    flag_cuddle                              0x2007c068   Data           1  irq_timer.o(.data)
    flag_endsound                            0x2007c069   Data           1  irq_timer.o(.data)
    counterHP                                0x2007c06c   Data           4  irq_timer.o(.data)
    counterB                                 0x2007c070   Data           4  irq_timer.o(.data)
    one_note                                 0x2007c074   Data           4  irq_timer.o(.data)
    three_note                               0x2007c078   Data           4  irq_timer.o(.data)
    five_note                                0x2007c07c   Data           4  irq_timer.o(.data)
    eight_note                               0x2007c080   Data           4  irq_timer.o(.data)
    display                                  0x2007c0a8   Data           4  touchpanel.o(.data)
    DisplaySample                            0x2007c0ac   Data          12  touchpanel.o(.data)
    seq4beats                                0x2007c0bc   Data         108  irq_rit.o(.data)
    flag_sound                               0x2007c128   Data           4  irq_rit.o(.data)
    flag_animationOn                         0x2007c12c   Data           4  irq_rit.o(.data)
    flag_TP                                  0x2007c130   Data           4  irq_rit.o(.data)
    busy                                     0x2007c134   Data           4  irq_rit.o(.data)
    song                                     0x2007c138   Data           4  irq_rit.o(.data)
    play                                     0x2007c13c   Data           4  irq_rit.o(.data)
    AD_current                               0x2007c158   Data           2  irq_adc.o(.data)
    AD_last                                  0x2007c15a   Data           2  irq_adc.o(.data)
    freqs                                    0x2007c15c   Data          32  irq_adc.o(.data)
    volumeLevel                              0x2007c17c   Data           4  irq_adc.o(.data)
    matrix                                   0x2007c180   Data          56  touchpanel.o(.bss)
    ScreenSample                             0x2007c1b8   Data          12  touchpanel.o(.bss)
    __libspace_start                         0x2007c1c4   Data          96  libspace.o(.bss)
    __temporary_stack_top$libspace           0x2007c224   Data           0  libspace.o(.bss)



==============================================================================

Memory Map of the image

  Image Entry point : 0x000000cd

  Load Region LR_IROM1 (Base: 0x00000000, Size: 0x00010d44, Max: 0x00080000, ABSOLUTE, COMPRESSED[0x00009c24])

    Execution Region ER_IROM1 (Exec base: 0x00000000, Load base: 0x00000000, Size: 0x00009218, Max: 0x00080000, ABSOLUTE)

    Exec Addr    Load Addr    Size         Type   Attr      Idx    E Section Name        Object

    0x00000000   0x00000000   0x000000cc   Data   RO            3    RESET               startup_lpc17xx.o
    0x000000cc   0x000000cc   0x00000008   Code   RO          500  * !!!main             c_w.l(__main.o)
    0x000000d4   0x000000d4   0x00000034   Code   RO          703    !!!scatter          c_w.l(__scatter.o)
    0x00000108   0x00000108   0x00000064   Code   RO          701    !!dclz77c           c_w.l(__dclz77c.o)
    0x0000016c   0x0000016c   0x0000001c   Code   RO          705    !!handler_zi        c_w.l(__scatter_zi.o)
    0x00000188   0x00000188   0x00000000   Code   RO          493    .ARM.Collect$$_printf_percent$$00000000  c_w.l(_printf_percent.o)
    0x00000188   0x00000188   0x00000006   Code   RO          492    .ARM.Collect$$_printf_percent$$00000009  c_w.l(_printf_d.o)
    0x0000018e   0x0000018e   0x00000004   Code   RO          533    .ARM.Collect$$_printf_percent$$00000017  c_w.l(_printf_percent_end.o)
    0x00000192   0x00000192   0x00000002   Code   RO          569    .ARM.Collect$$libinit$$00000000  c_w.l(libinit.o)
    0x00000194   0x00000194   0x00000000   Code   RO          576    .ARM.Collect$$libinit$$00000002  c_w.l(libinit2.o)
    0x00000194   0x00000194   0x00000000   Code   RO          578    .ARM.Collect$$libinit$$00000004  c_w.l(libinit2.o)
    0x00000194   0x00000194   0x00000000   Code   RO          581    .ARM.Collect$$libinit$$0000000A  c_w.l(libinit2.o)
    0x00000194   0x00000194   0x00000000   Code   RO          583    .ARM.Collect$$libinit$$0000000C  c_w.l(libinit2.o)
    0x00000194   0x00000194   0x00000000   Code   RO          585    .ARM.Collect$$libinit$$0000000E  c_w.l(libinit2.o)
    0x00000194   0x00000194   0x00000000   Code   RO          588    .ARM.Collect$$libinit$$00000011  c_w.l(libinit2.o)
    0x00000194   0x00000194   0x00000000   Code   RO          590    .ARM.Collect$$libinit$$00000013  c_w.l(libinit2.o)
    0x00000194   0x00000194   0x00000000   Code   RO          592    .ARM.Collect$$libinit$$00000015  c_w.l(libinit2.o)
    0x00000194   0x00000194   0x00000000   Code   RO          594    .ARM.Collect$$libinit$$00000017  c_w.l(libinit2.o)
    0x00000194   0x00000194   0x00000000   Code   RO          596    .ARM.Collect$$libinit$$00000019  c_w.l(libinit2.o)
    0x00000194   0x00000194   0x00000000   Code   RO          598    .ARM.Collect$$libinit$$0000001B  c_w.l(libinit2.o)
    0x00000194   0x00000194   0x00000000   Code   RO          600    .ARM.Collect$$libinit$$0000001D  c_w.l(libinit2.o)
    0x00000194   0x00000194   0x00000000   Code   RO          602    .ARM.Collect$$libinit$$0000001F  c_w.l(libinit2.o)
    0x00000194   0x00000194   0x00000000   Code   RO          604    .ARM.Collect$$libinit$$00000021  c_w.l(libinit2.o)
    0x00000194   0x00000194   0x00000000   Code   RO          606    .ARM.Collect$$libinit$$00000023  c_w.l(libinit2.o)
    0x00000194   0x00000194   0x00000000   Code   RO          608    .ARM.Collect$$libinit$$00000025  c_w.l(libinit2.o)
    0x00000194   0x00000194   0x00000000   Code   RO          612    .ARM.Collect$$libinit$$0000002C  c_w.l(libinit2.o)
    0x00000194   0x00000194   0x00000000   Code   RO          614    .ARM.Collect$$libinit$$0000002E  c_w.l(libinit2.o)
    0x00000194   0x00000194   0x00000000   Code   RO          616    .ARM.Collect$$libinit$$00000030  c_w.l(libinit2.o)
    0x00000194   0x00000194   0x00000000   Code   RO          618    .ARM.Collect$$libinit$$00000032  c_w.l(libinit2.o)
    0x00000194   0x00000194   0x00000002   Code   RO          619    .ARM.Collect$$libinit$$00000033  c_w.l(libinit2.o)
    0x00000196   0x00000196   0x00000002   Code   RO          639    .ARM.Collect$$libshutdown$$00000000  c_w.l(libshutdown.o)
    0x00000198   0x00000198   0x00000000   Code   RO          652    .ARM.Collect$$libshutdown$$00000002  c_w.l(libshutdown2.o)
    0x00000198   0x00000198   0x00000000   Code   RO          654    .ARM.Collect$$libshutdown$$00000004  c_w.l(libshutdown2.o)
    0x00000198   0x00000198   0x00000000   Code   RO          656    .ARM.Collect$$libshutdown$$00000006  c_w.l(libshutdown2.o)
    0x00000198   0x00000198   0x00000000   Code   RO          659    .ARM.Collect$$libshutdown$$00000009  c_w.l(libshutdown2.o)
    0x00000198   0x00000198   0x00000000   Code   RO          662    .ARM.Collect$$libshutdown$$0000000C  c_w.l(libshutdown2.o)
    0x00000198   0x00000198   0x00000000   Code   RO          664    .ARM.Collect$$libshutdown$$0000000E  c_w.l(libshutdown2.o)
    0x00000198   0x00000198   0x00000000   Code   RO          667    .ARM.Collect$$libshutdown$$00000011  c_w.l(libshutdown2.o)
    0x00000198   0x00000198   0x00000002   Code   RO          668    .ARM.Collect$$libshutdown$$00000012  c_w.l(libshutdown2.o)
    0x0000019a   0x0000019a   0x00000000   Code   RO          526    .ARM.Collect$$rtentry$$00000000  c_w.l(__rtentry.o)
    0x0000019a   0x0000019a   0x00000000   Code   RO          544    .ARM.Collect$$rtentry$$00000002  c_w.l(__rtentry2.o)
    0x0000019a   0x0000019a   0x00000006   Code   RO          556    .ARM.Collect$$rtentry$$00000004  c_w.l(__rtentry4.o)
    0x000001a0   0x000001a0   0x00000000   Code   RO          546    .ARM.Collect$$rtentry$$00000009  c_w.l(__rtentry2.o)
    0x000001a0   0x000001a0   0x00000004   Code   RO          547    .ARM.Collect$$rtentry$$0000000A  c_w.l(__rtentry2.o)
    0x000001a4   0x000001a4   0x00000000   Code   RO          549    .ARM.Collect$$rtentry$$0000000C  c_w.l(__rtentry2.o)
    0x000001a4   0x000001a4   0x00000008   Code   RO          550    .ARM.Collect$$rtentry$$0000000D  c_w.l(__rtentry2.o)
    0x000001ac   0x000001ac   0x00000002   Code   RO          573    .ARM.Collect$$rtexit$$00000000  c_w.l(rtexit.o)
    0x000001ae   0x000001ae   0x00000000   Code   RO          621    .ARM.Collect$$rtexit$$00000002  c_w.l(rtexit2.o)
    0x000001ae   0x000001ae   0x00000004   Code   RO          622    .ARM.Collect$$rtexit$$00000003  c_w.l(rtexit2.o)
    0x000001b2   0x000001b2   0x00000006   Code   RO          623    .ARM.Collect$$rtexit$$00000004  c_w.l(rtexit2.o)
    0x000001b8   0x000001b8   0x00000034   Code   RO            5    .text               startup_lpc17xx.o
    0x000001ec   0x000001ec   0x0000006c   Code   RO           87    .text               sample.o
    0x00000258   0x00000258   0x00000020   Code   RO          240    .text               asciilib.o
    0x00000278   0x00000278   0x0000006c   Code   RO          379    .text               joystick.o
    0x000002e4   0x000002e4   0x00000006   Code   RO          498    .text               c_w.l(heapauxi.o)
    0x000002ea   0x000002ea   0x0000000a   Code   RO          531    .text               c_w.l(_sputc.o)
    0x000002f4   0x000002f4   0x00000008   Code   RO          570    .text               c_w.l(libspace.o)
    0x000002fc   0x000002fc   0x00000004   Code   RO            4    .ARM.__at_0x02FC    startup_lpc17xx.o
    0x00000300   0x00000300   0x00001370   Code   RO           16    .text               pet.o
    0x00001670   0x00001670   0x0000024c   Code   RO          131    .text               system_lpc17xx.o
    0x000018bc   0x000018bc   0x0000062c   Code   RO          158    .text               irq_timer.o
    0x00001ee8   0x00001ee8   0x00000308   Code   RO          215    .text               lib_timer.o
    0x000021f0   0x000021f0   0x00004dc0   Code   RO          260    .text               glcd.o
    0x00006fb0   0x00006fb0   0x00000980   Code   RO          289    .text               touchpanel.o
    0x00007930   0x00007930   0x00000388   Code   RO          323    .text               irq_rit.o
    0x00007cb8   0x00007cb8   0x00000094   Code   RO          351    .text               lib_rit.o
    0x00007d4c   0x00007d4c   0x0000005c   Code   RO          403    .text               irq_adc.o
    0x00007da8   0x00007da8   0x0000006c   Code   RO          439    .text               lib_adc.o
    0x00007e14   0x00007e14   0x00000028   Code   RO          464    .text               c_w.l(noretval__2sprintf.o)
    0x00007e3c   0x00007e3c   0x0000004e   Code   RO          468    .text               c_w.l(_printf_pad.o)
    0x00007e8a   0x00007e8a   0x00000002   PAD
    0x00007e8c   0x00007e8c   0x00000078   Code   RO          470    .text               c_w.l(_printf_dec.o)
    0x00007f04   0x00007f04   0x00000138   Code   RO          484    .text               c_w.l(__printf_flags_wp.o)
    0x0000803c   0x0000803c   0x0000008a   Code   RO          494    .text               c_w.l(rt_memcpy_v6.o)
    0x000080c6   0x000080c6   0x0000004e   Code   RO          496    .text               c_w.l(rt_memclr_w.o)
    0x00008114   0x00008114   0x000000b2   Code   RO          527    .text               c_w.l(_printf_intcommon.o)
    0x000081c6   0x000081c6   0x00000002   PAD
    0x000081c8   0x000081c8   0x00000030   Code   RO          529    .text               c_w.l(_printf_char_common.o)
    0x000081f8   0x000081f8   0x00000064   Code   RO          534    .text               c_w.l(rt_memcpy_w.o)
    0x0000825c   0x0000825c   0x0000004a   Code   RO          560    .text               c_w.l(sys_stackheap_outer.o)
    0x000082a6   0x000082a6   0x00000012   Code   RO          562    .text               c_w.l(exit.o)
    0x000082b8   0x000082b8   0x0000000c   Code   RO          631    .text               c_w.l(sys_exit.o)
    0x000082c4   0x000082c4   0x00000002   Code   RO          642    .text               c_w.l(use_no_semi.o)
    0x000082c6   0x000082c6   0x00000000   Code   RO          644    .text               c_w.l(indicate_semi.o)
    0x000082c6   0x000082c6   0x0000000e   Code   RO          482    i._is_digit         c_w.l(__printf_wp.o)
    0x000082d4   0x000082d4   0x00000150   Code   RO          502    x$fpl$dadd          fz_ws.l(daddsub_clz.o)
    0x00008424   0x00008424   0x00000018   Code   RO          536    x$fpl$dcmpinf       fz_ws.l(dcmpi.o)
    0x0000843c   0x0000843c   0x000002b0   Code   RO          509    x$fpl$ddiv          fz_ws.l(ddiv.o)
    0x000086ec   0x000086ec   0x00000078   Code   RO          512    x$fpl$deqf          fz_ws.l(deqf.o)
    0x00008764   0x00008764   0x0000005a   Code   RO          514    x$fpl$dfixu         fz_ws.l(dfixu.o)
    0x000087be   0x000087be   0x0000002e   Code   RO          519    x$fpl$dflt          fz_ws.l(dflt_clz.o)
    0x000087ec   0x000087ec   0x00000026   Code   RO          518    x$fpl$dfltu         fz_ws.l(dflt_clz.o)
    0x00008812   0x00008812   0x00000002   PAD
    0x00008814   0x00008814   0x00000154   Code   RO          524    x$fpl$dmul          fz_ws.l(dmul.o)
    0x00008968   0x00008968   0x0000009c   Code   RO          538    x$fpl$dnaninf       fz_ws.l(dnaninf.o)
    0x00008a04   0x00008a04   0x0000000c   Code   RO          540    x$fpl$dretinf       fz_ws.l(dretinf.o)
    0x00008a10   0x00008a10   0x000001d4   Code   RO          504    x$fpl$dsub          fz_ws.l(daddsub_clz.o)
    0x00008be4   0x00008be4   0x00000000   Code   RO          542    x$fpl$usenofp       fz_ws.l(usenofp.o)
    0x00008be4   0x00008be4   0x000005f0   Data   RO          241    .constdata          asciilib.o
    0x000091d4   0x000091d4   0x00000011   Data   RO          485    .constdata          c_w.l(__printf_flags_wp.o)
    0x000091e5   0x000091e5   0x00000003   PAD
    0x000091e8   0x000091e8   0x00000030   Data   RO          699    Region$$Table       anon$$obj.o


    Execution Region RW_IRAM1 (Exec base: 0x10000000, Load base: 0x00009218, Size: 0x000079ac, Max: 0x00008000, ABSOLUTE, COMPRESSED[0x00000948])

    Exec Addr    Load Addr    Size         Type   Attr      Idx    E Section Name        Object

    0x10000000   COMPRESSED   0x000079aa   Data   RW           17    .data               pet.o


    Execution Region RW_IRAM2 (Exec base: 0x2007c000, Load base: 0x00009b60, Size: 0x00001228, Max: 0x00008000, ABSOLUTE, COMPRESSED[0x000000c4])

    Exec Addr    Load Addr    Size         Type   Attr      Idx    E Section Name        Object

    0x2007c000   COMPRESSED   0x00000005   Data   RW          132    .data               system_lpc17xx.o
    0x2007c005   COMPRESSED   0x00000003   PAD
    0x2007c008   COMPRESSED   0x0000009c   Data   RW          159    .data               irq_timer.o
    0x2007c0a4   COMPRESSED   0x00000004   Data   RW          261    .data               glcd.o
    0x2007c0a8   COMPRESSED   0x00000014   Data   RW          291    .data               touchpanel.o
    0x2007c0bc   COMPRESSED   0x0000009c   Data   RW          324    .data               irq_rit.o
    0x2007c158   COMPRESSED   0x00000028   Data   RW          404    .data               irq_adc.o
    0x2007c180        -       0x00000044   Zero   RW          290    .bss                touchpanel.o
    0x2007c1c4        -       0x00000060   Zero   RW          571    .bss                c_w.l(libspace.o)
    0x2007c224   COMPRESSED   0x00000004   PAD
    0x2007c228        -       0x00000000   Zero   RW            2    HEAP                startup_lpc17xx.o
    0x2007c228        -       0x00001000   Zero   RW            1    STACK               startup_lpc17xx.o


==============================================================================

Image component sizes


      Code (inc. data)   RO Data    RW Data    ZI Data      Debug   Object Name

        32          6       1520          0          0       1211   asciilib.o
     19904        124          0          4          0      51512   glcd.o
        92         18          0         40          0       1380   irq_adc.o
       904         80          0        156          0       2175   irq_rit.o
      1580        194          0        156          0      20465   irq_timer.o
       108         10          0          0          0        492   joystick.o
       108         18          0          0          0        776   lib_adc.o
       148         14          0          0          0      27447   lib_rit.o
       776         20          0          0          0       2156   lib_timer.o
      4976        306          0      31146          0      12833   pet.o
       108         14          0          0          0        515   sample.o
        56         22        204          0       4096       1128   startup_lpc17xx.o
       588         36          0          5          0       1029   system_lpc17xx.o
      2432         72          0         20         68       6366   touchpanel.o

    ----------------------------------------------------------------------
     31812        934       1772      31532       4164     129485   Object Totals
         0          0         48          0          0          0   (incl. Generated)
         0          0          0          5          0          0   (incl. Padding)

    ----------------------------------------------------------------------

      Code (inc. data)   RO Data    RW Data    ZI Data      Debug   Library Member Name

       100          0          0          0          0          0   __dclz77c.o
         8          0          0          0          0         68   __main.o
       312          4         17          0          0         92   __printf_flags_wp.o
        14          0          0          0          0         68   __printf_wp.o
         0          0          0          0          0          0   __rtentry.o
        12          0          0          0          0          0   __rtentry2.o
         6          0          0          0          0          0   __rtentry4.o
        52          8          0          0          0          0   __scatter.o
        28          0          0          0          0          0   __scatter_zi.o
        48          6          0          0          0         96   _printf_char_common.o
         6          0          0          0          0          0   _printf_d.o
       120         16          0          0          0         92   _printf_dec.o
       178          0          0          0          0         88   _printf_intcommon.o
        78          0          0          0          0        108   _printf_pad.o
         0          0          0          0          0          0   _printf_percent.o
         4          0          0          0          0          0   _printf_percent_end.o
        10          0          0          0          0         68   _sputc.o
        18          0          0          0          0         80   exit.o
         6          0          0          0          0        152   heapauxi.o
         0          0          0          0          0          0   indicate_semi.o
         2          0          0          0          0          0   libinit.o
         2          0          0          0          0          0   libinit2.o
         2          0          0          0          0          0   libshutdown.o
         2          0          0          0          0          0   libshutdown2.o
         8          4          0          0         96         68   libspace.o
        40          6          0          0          0         84   noretval__2sprintf.o
        78          0          0          0          0         80   rt_memclr_w.o
       138          0          0          0          0         68   rt_memcpy_v6.o
       100          0          0          0          0         80   rt_memcpy_w.o
         2          0          0          0          0          0   rtexit.o
        10          0          0          0          0          0   rtexit2.o
        12          4          0          0          0         68   sys_exit.o
        74          0          0          0          0         80   sys_stackheap_outer.o
         2          0          0          0          0         68   use_no_semi.o
       804         16          0          0          0        272   daddsub_clz.o
        24          0          0          0          0         68   dcmpi.o
       688        140          0          0          0        208   ddiv.o
       120          4          0          0          0         92   deqf.o
        90          4          0          0          0         92   dfixu.o
        84          0          0          0          0        136   dflt_clz.o
       340         12          0          0          0        104   dmul.o
       156          4          0          0          0         92   dnaninf.o
        12          0          0          0          0         68   dretinf.o
         0          0          0          0          0          0   usenofp.o

    ----------------------------------------------------------------------
      3796        228         20          0        100       2640   Library Totals
         6          0          3          0          4          0   (incl. Padding)

    ----------------------------------------------------------------------

      Code (inc. data)   RO Data    RW Data    ZI Data      Debug   Library Name

      1472         48         17          0         96       1508   c_w.l
      2318        180          0          0          0       1132   fz_ws.l

    ----------------------------------------------------------------------
      3796        228         20          0        100       2640   Library Totals

    ----------------------------------------------------------------------

==============================================================================


      Code (inc. data)   RO Data    RW Data    ZI Data      Debug   

     35608       1162       1792      31532       4264     129781   Grand Totals
     35608       1162       1792       2572       4264     129781   ELF Image Totals (compressed)
     35608       1162       1792       2572          0          0   ROM Totals

==============================================================================

    Total RO  Size (Code + RO Data)                37400 (  36.52kB)
    Total RW  Size (RW Data + ZI Data)             35796 (  34.96kB)
    Total ROM Size (Code + RO Data + RW Data)      39972 (  39.04kB)

==============================================================================

