<html>
<body>
<pre>
<h1>µVision Build Log</h1>
<h2>Tool Versions:</h2>
IDE-Version: µVision V5.36.0.0
Copyright (C) 2021 ARM Ltd and ARM Germany GmbH. All rights reserved.
License Information: Federico Pulinas Politecnico di Torino Flex license: MDK Professional 5.36 (Flex) (mdk_pro) Operation stops: 10 Mar 2024
 
Tool Versions:
Toolchain:       MDK Professional 5.36 (Flex)  Version: 5.36.0.0
Toolchain Path:  P:\Keil_ASE\ARM\ARMCC\Bin
C Compiler:      Armcc.exe V5.06 update 7 (build 960)
Assembler:       Armasm.exe V5.06 update 7 (build 960)
Linker/Locator:  ArmLink.exe V5.06 update 7 (build 960)
Library Manager: ArmAr.exe V5.06 update 7 (build 960)
Hex Converter:   FromElf.exe V5.06 update 7 (build 960)
CPU DLL:         SARMCM3.DLL V5.36.0.0
Dialog DLL:      DARMP1.DLL V1.27.0.0
Target DLL:      UL2CM3.DLL V1.164.0.0
Dialog DLL:      TARMP1.DLL V1.26.0.0
 
<h2>Project:</h2>
D:\Università\Corsi\Magistrale\Primo Anno\Architetture dei sistemi di elaborazione\Laboratori\ExtraPoint_1\extrapoint2\sample.uvprojx
Project File Date:  01/16/2023

<h2>Output:</h2>
*** Using Compiler 'V5.06 update 7 (build 960)', folder: 'P:\Keil_ASE\ARM\ARMCC\Bin'
Rebuild target 'Target 1'
assembling startup_LPC17xx.s...
compiling lib_timer.c...
compiling IRQ_timer.c...
timer\IRQ_timer.c(67): warning:  #223-D: function "sprintf" declared implicitly
  			sprintf(time_in_char, "%02d:%02d:%02d", hh, mm, ss);
timer\IRQ_timer.c: 1 warning, 0 errors
compiling core_cm3.c...
compiling AsciiLib.c...
compiling sample.c...
compiling system_LPC17xx.c...
compiling Pet.c...
compiling IRQ_RIT.c...
compiling lib_RIT.c...
compiling TouchPanel.c...
compiling joystick.c...
compiling IRQ_adc.c...
compiling lib_adc.c...
compiling GLCD.c...
linking...
Program Size: Code=35608 RO-data=1792 RW-data=31532 ZI-data=4264  
".\sample.axf" - 0 Error(s), 1 Warning(s).

<h2>Software Packages used:</h2>

Package Vendor: ARM
                http://www.keil.com/pack/ARM.CMSIS.5.8.0.pack
                ARM.CMSIS.5.8.0
                CMSIS (Common Microcontroller Software Interface Standard)
   * Component: CORE Version: 5.5.0

Package Vendor: Keil
                http://www.keil.com/pack/Keil.LPC1700_DFP.2.7.1.pack
                Keil.LPC1700_DFP.2.7.1
                NXP LPC1700 Series Device Support, Drivers and Examples for MCB1700 and LPC1788-32

<h2>Collection of Component include folders:</h2>
  .\RTE\_Target_1
  P:\Keil_ASE_Pack\ARM\CMSIS\5.8.0\CMSIS\Core\Include
  P:\Keil_ASE_Pack\Keil\LPC1700_DFP\2.7.1\Device\Include

<h2>Collection of Component Files used:</h2>

   * Component: ARM::CMSIS:CORE:5.5.0
Build Time Elapsed:  00:00:03
</pre>
</body>
</html>
